mpicc -c -O3 -I/usr/include -I/usr/include     -I/mnt/c/Users/jinikeda/Desktop/FVCOM/libs/install/include   func_pointer.c
mpicc -c -O3 -I/usr/include -I/usr/include     -I/mnt/c/Users/jinikeda/Desktop/FVCOM/libs/install/include   partition.c
make: Circular mod_prec.o <- mod_prec.o dependency dropped.
/usr/bin/cpp -P -traditional -DGFORTRAN -I/usr/include -I/usr/include     -I/mnt/c/Users/jinikeda/Desktop/FVCOM/libs/install/include   -P -traditional -DDOUBLE_PRECISION -DSINGLE_OUTPUT -DSPHERICAL -DWET_DRY -DMULTIPROCESSOR -DLIMITED_NO -DGCN -DMPDATA -DTVD -DUSE_NETCDF4  mod_prec.F > mod_prec.f90
mpif90  -c -g -fbacktrace -O3 -I/usr/include -I/usr/include     -I/mnt/c/Users/jinikeda/Desktop/FVCOM/libs/install/include   -I/usr/include -I/usr/include     -I/mnt/c/Users/jinikeda/Desktop/FVCOM/libs/install/include   mod_prec.f90
\rm mod_prec.f90
/usr/bin/cpp -P -traditional -DGFORTRAN -I/usr/include -I/usr/include     -I/mnt/c/Users/jinikeda/Desktop/FVCOM/libs/install/include   -P -traditional -DDOUBLE_PRECISION -DSINGLE_OUTPUT -DSPHERICAL -DWET_DRY -DMULTIPROCESSOR -DLIMITED_NO -DGCN -DMPDATA -DTVD -DUSE_NETCDF4  sinter.F > sinter.f90
mpif90  -c -g -fbacktrace -O3 -I/usr/include -I/usr/include     -I/mnt/c/Users/jinikeda/Desktop/FVCOM/libs/install/include   -I/usr/include -I/usr/include     -I/mnt/c/Users/jinikeda/Desktop/FVCOM/libs/install/include   sinter.f90
\rm sinter.f90
/usr/bin/cpp -P -traditional -DGFORTRAN -I/usr/include -I/usr/include     -I/mnt/c/Users/jinikeda/Desktop/FVCOM/libs/install/include   -P -traditional -DDOUBLE_PRECISION -DSINGLE_OUTPUT -DSPHERICAL -DWET_DRY -DMULTIPROCESSOR -DLIMITED_NO -DGCN -DMPDATA -DTVD -DUSE_NETCDF4  mod_types.F > mod_types.f90
mpif90  -c -g -fbacktrace -O3 -I/usr/include -I/usr/include     -I/mnt/c/Users/jinikeda/Desktop/FVCOM/libs/install/include   -I/usr/include -I/usr/include     -I/mnt/c/Users/jinikeda/Desktop/FVCOM/libs/install/include   mod_types.f90
\rm mod_types.f90
/usr/bin/cpp -P -traditional -DGFORTRAN -I/usr/include -I/usr/include     -I/mnt/c/Users/jinikeda/Desktop/FVCOM/libs/install/include   -P -traditional -DDOUBLE_PRECISION -DSINGLE_OUTPUT -DSPHERICAL -DWET_DRY -DMULTIPROCESSOR -DLIMITED_NO -DGCN -DMPDATA -DTVD -DUSE_NETCDF4  mod_time.F > mod_time.f90
mpif90  -c -g -fbacktrace -O3 -I/usr/include -I/usr/include     -I/mnt/c/Users/jinikeda/Desktop/FVCOM/libs/install/include   -I/usr/include -I/usr/include     -I/mnt/c/Users/jinikeda/Desktop/FVCOM/libs/install/include   mod_time.f90
\rm mod_time.f90
/usr/bin/cpp -P -traditional -DGFORTRAN -I/usr/include -I/usr/include     -I/mnt/c/Users/jinikeda/Desktop/FVCOM/libs/install/include   -P -traditional -DDOUBLE_PRECISION -DSINGLE_OUTPUT -DSPHERICAL -DWET_DRY -DMULTIPROCESSOR -DLIMITED_NO -DGCN -DMPDATA -DTVD -DUSE_NETCDF4  mod_main.F > mod_main.f90
mpif90  -c -g -fbacktrace -O3 -I/usr/include -I/usr/include     -I/mnt/c/Users/jinikeda/Desktop/FVCOM/libs/install/include   -I/usr/include -I/usr/include     -I/mnt/c/Users/jinikeda/Desktop/FVCOM/libs/install/include   mod_main.f90
\rm mod_main.f90
/usr/bin/cpp -P -traditional -DGFORTRAN -I/usr/include -I/usr/include     -I/mnt/c/Users/jinikeda/Desktop/FVCOM/libs/install/include   -P -traditional -DDOUBLE_PRECISION -DSINGLE_OUTPUT -DSPHERICAL -DWET_DRY -DMULTIPROCESSOR -DLIMITED_NO -DGCN -DMPDATA -DTVD -DUSE_NETCDF4  mod_spherical.F > mod_spherical.f90
mpif90  -c -g -fbacktrace -O3 -I/usr/include -I/usr/include     -I/mnt/c/Users/jinikeda/Desktop/FVCOM/libs/install/include   -I/usr/include -I/usr/include     -I/mnt/c/Users/jinikeda/Desktop/FVCOM/libs/install/include   mod_spherical.f90
\rm mod_spherical.f90
/usr/bin/cpp -P -traditional -DGFORTRAN -I/usr/include -I/usr/include     -I/mnt/c/Users/jinikeda/Desktop/FVCOM/libs/install/include   -P -traditional -DDOUBLE_PRECISION -DSINGLE_OUTPUT -DSPHERICAL -DWET_DRY -DMULTIPROCESSOR -DLIMITED_NO -DGCN -DMPDATA -DTVD -DUSE_NETCDF4  ocpcomm4.F > ocpcomm4.f90
mpif90  -c -g -fbacktrace -O3 -I/usr/include -I/usr/include     -I/mnt/c/Users/jinikeda/Desktop/FVCOM/libs/install/include   -I/usr/include -I/usr/include     -I/mnt/c/Users/jinikeda/Desktop/FVCOM/libs/install/include   ocpcomm4.f90
\rm ocpcomm4.f90
/usr/bin/cpp -P -traditional -DGFORTRAN -I/usr/include -I/usr/include     -I/mnt/c/Users/jinikeda/Desktop/FVCOM/libs/install/include   -P -traditional -DDOUBLE_PRECISION -DSINGLE_OUTPUT -DSPHERICAL -DWET_DRY -DMULTIPROCESSOR -DLIMITED_NO -DGCN -DMPDATA -DTVD -DUSE_NETCDF4  mod_utils.F > mod_utils.f90
mpif90  -c -g -fbacktrace -O3 -I/usr/include -I/usr/include     -I/mnt/c/Users/jinikeda/Desktop/FVCOM/libs/install/include   -I/usr/include -I/usr/include     -I/mnt/c/Users/jinikeda/Desktop/FVCOM/libs/install/include   mod_utils.f90
\rm mod_utils.f90
/usr/bin/cpp -P -traditional -DGFORTRAN -I/usr/include -I/usr/include     -I/mnt/c/Users/jinikeda/Desktop/FVCOM/libs/install/include   -P -traditional -DDOUBLE_PRECISION -DSINGLE_OUTPUT -DSPHERICAL -DWET_DRY -DMULTIPROCESSOR -DLIMITED_NO -DGCN -DMPDATA -DTVD -DUSE_NETCDF4  mod_clock.F > mod_clock.f90
mpif90  -c -g -fbacktrace -O3 -I/usr/include -I/usr/include     -I/mnt/c/Users/jinikeda/Desktop/FVCOM/libs/install/include   -I/usr/include -I/usr/include     -I/mnt/c/Users/jinikeda/Desktop/FVCOM/libs/install/include   mod_clock.f90
\rm mod_clock.f90
/usr/bin/cpp -P -traditional -DGFORTRAN -I/usr/include -I/usr/include     -I/mnt/c/Users/jinikeda/Desktop/FVCOM/libs/install/include   -P -traditional -DDOUBLE_PRECISION -DSINGLE_OUTPUT -DSPHERICAL -DWET_DRY -DMULTIPROCESSOR -DLIMITED_NO -DGCN -DMPDATA -DTVD -DUSE_NETCDF4  eqs_of_state.F > eqs_of_state.f90
mpif90  -c -g -fbacktrace -O3 -I/usr/include -I/usr/include     -I/mnt/c/Users/jinikeda/Desktop/FVCOM/libs/install/include   -I/usr/include -I/usr/include     -I/mnt/c/Users/jinikeda/Desktop/FVCOM/libs/install/include   eqs_of_state.f90
\rm eqs_of_state.f90
/usr/bin/cpp -P -traditional -DGFORTRAN -I/usr/include -I/usr/include     -I/mnt/c/Users/jinikeda/Desktop/FVCOM/libs/install/include   -P -traditional -DDOUBLE_PRECISION -DSINGLE_OUTPUT -DSPHERICAL -DWET_DRY -DMULTIPROCESSOR -DLIMITED_NO -DGCN -DMPDATA -DTVD -DUSE_NETCDF4  mod_interp.F > mod_interp.f90
mpif90  -c -g -fbacktrace -O3 -I/usr/include -I/usr/include     -I/mnt/c/Users/jinikeda/Desktop/FVCOM/libs/install/include   -I/usr/include -I/usr/include     -I/mnt/c/Users/jinikeda/Desktop/FVCOM/libs/install/include   mod_interp.f90
\rm mod_interp.f90
/usr/bin/cpp -P -traditional -DGFORTRAN -I/usr/include -I/usr/include     -I/mnt/c/Users/jinikeda/Desktop/FVCOM/libs/install/include   -P -traditional -DDOUBLE_PRECISION -DSINGLE_OUTPUT -DSPHERICAL -DWET_DRY -DMULTIPROCESSOR -DLIMITED_NO -DGCN -DMPDATA -DTVD -DUSE_NETCDF4  mod_par.F > mod_par.f90
mpif90  -c -g -fbacktrace -O3 -I/usr/include -I/usr/include     -I/mnt/c/Users/jinikeda/Desktop/FVCOM/libs/install/include   -I/usr/include -I/usr/include     -I/mnt/c/Users/jinikeda/Desktop/FVCOM/libs/install/include   mod_par.f90
\rm mod_par.f90
/usr/bin/cpp -P -traditional -DGFORTRAN -I/usr/include -I/usr/include     -I/mnt/c/Users/jinikeda/Desktop/FVCOM/libs/install/include   -P -traditional -DDOUBLE_PRECISION -DSINGLE_OUTPUT -DSPHERICAL -DWET_DRY -DMULTIPROCESSOR -DLIMITED_NO -DGCN -DMPDATA -DTVD -DUSE_NETCDF4  mod_par_special.F > mod_par_special.f90
mpif90  -c -g -fbacktrace -O3 -I/usr/include -I/usr/include     -I/mnt/c/Users/jinikeda/Desktop/FVCOM/libs/install/include   -I/usr/include -I/usr/include     -I/mnt/c/Users/jinikeda/Desktop/FVCOM/libs/install/include   mod_par_special.f90
\rm mod_par_special.f90
/usr/bin/cpp -P -traditional -DGFORTRAN -I/usr/include -I/usr/include     -I/mnt/c/Users/jinikeda/Desktop/FVCOM/libs/install/include   -P -traditional -DDOUBLE_PRECISION -DSINGLE_OUTPUT -DSPHERICAL -DWET_DRY -DMULTIPROCESSOR -DLIMITED_NO -DGCN -DMPDATA -DTVD -DUSE_NETCDF4  mod_ncll.F > mod_ncll.f90
mpif90  -c -g -fbacktrace -O3 -I/usr/include -I/usr/include     -I/mnt/c/Users/jinikeda/Desktop/FVCOM/libs/install/include   -I/usr/include -I/usr/include     -I/mnt/c/Users/jinikeda/Desktop/FVCOM/libs/install/include   mod_ncll.f90
\rm mod_ncll.f90
/usr/bin/cpp -P -traditional -DGFORTRAN -I/usr/include -I/usr/include     -I/mnt/c/Users/jinikeda/Desktop/FVCOM/libs/install/include   -P -traditional -DDOUBLE_PRECISION -DSINGLE_OUTPUT -DSPHERICAL -DWET_DRY -DMULTIPROCESSOR -DLIMITED_NO -DGCN -DMPDATA -DTVD -DUSE_NETCDF4  mod_nctools.F > mod_nctools.f90
mpif90  -c -g -fbacktrace -O3 -I/usr/include -I/usr/include     -I/mnt/c/Users/jinikeda/Desktop/FVCOM/libs/install/include   -I/usr/include -I/usr/include     -I/mnt/c/Users/jinikeda/Desktop/FVCOM/libs/install/include   mod_nctools.f90
mod_nctools.f90:203:45:

  203 |   TYPE(NCFILELIST), POINTER, SAVE :: FILEHEAD
      |                                             1
Warning: Legacy Extension: Duplicate SAVE attribute specified at (1)
\rm mod_nctools.f90
/usr/bin/cpp -P -traditional -DGFORTRAN -I/usr/include -I/usr/include     -I/mnt/c/Users/jinikeda/Desktop/FVCOM/libs/install/include   -P -traditional -DDOUBLE_PRECISION -DSINGLE_OUTPUT -DSPHERICAL -DWET_DRY -DMULTIPROCESSOR -DLIMITED_NO -DGCN -DMPDATA -DTVD -DUSE_NETCDF4  mod_wd.F > mod_wd.f90
mpif90  -c -g -fbacktrace -O3 -I/usr/include -I/usr/include     -I/mnt/c/Users/jinikeda/Desktop/FVCOM/libs/install/include   -I/usr/include -I/usr/include     -I/mnt/c/Users/jinikeda/Desktop/FVCOM/libs/install/include   mod_wd.f90
\rm mod_wd.f90
/usr/bin/cpp -P -traditional -DGFORTRAN -I/usr/include -I/usr/include     -I/mnt/c/Users/jinikeda/Desktop/FVCOM/libs/install/include   -P -traditional -DDOUBLE_PRECISION -DSINGLE_OUTPUT -DSPHERICAL -DWET_DRY -DMULTIPROCESSOR -DLIMITED_NO -DGCN -DMPDATA -DTVD -DUSE_NETCDF4  mod_sng.F > mod_sng.f90
mpif90  -c -g -fbacktrace -O3 -I/usr/include -I/usr/include     -I/mnt/c/Users/jinikeda/Desktop/FVCOM/libs/install/include   -I/usr/include -I/usr/include     -I/mnt/c/Users/jinikeda/Desktop/FVCOM/libs/install/include   mod_sng.f90
\rm mod_sng.f90
/usr/bin/cpp -P -traditional -DGFORTRAN -I/usr/include -I/usr/include     -I/mnt/c/Users/jinikeda/Desktop/FVCOM/libs/install/include   -P -traditional -DDOUBLE_PRECISION -DSINGLE_OUTPUT -DSPHERICAL -DWET_DRY -DMULTIPROCESSOR -DLIMITED_NO -DGCN -DMPDATA -DTVD -DUSE_NETCDF4  mod_heatflux.F > mod_heatflux.f90
mpif90  -c -g -fbacktrace -O3 -I/usr/include -I/usr/include     -I/mnt/c/Users/jinikeda/Desktop/FVCOM/libs/install/include   -I/usr/include -I/usr/include     -I/mnt/c/Users/jinikeda/Desktop/FVCOM/libs/install/include   mod_heatflux.f90
\rm mod_heatflux.f90
/usr/bin/cpp -P -traditional -DGFORTRAN -I/usr/include -I/usr/include     -I/mnt/c/Users/jinikeda/Desktop/FVCOM/libs/install/include   -P -traditional -DDOUBLE_PRECISION -DSINGLE_OUTPUT -DSPHERICAL -DWET_DRY -DMULTIPROCESSOR -DLIMITED_NO -DGCN -DMPDATA -DTVD -DUSE_NETCDF4  mod_solar.F > mod_solar.f90
mpif90  -c -g -fbacktrace -O3 -I/usr/include -I/usr/include     -I/mnt/c/Users/jinikeda/Desktop/FVCOM/libs/install/include   -I/usr/include -I/usr/include     -I/mnt/c/Users/jinikeda/Desktop/FVCOM/libs/install/include   mod_solar.f90
\rm mod_solar.f90
/usr/bin/cpp -P -traditional -DGFORTRAN -I/usr/include -I/usr/include     -I/mnt/c/Users/jinikeda/Desktop/FVCOM/libs/install/include   -P -traditional -DDOUBLE_PRECISION -DSINGLE_OUTPUT -DSPHERICAL -DWET_DRY -DMULTIPROCESSOR -DLIMITED_NO -DGCN -DMPDATA -DTVD -DUSE_NETCDF4  mod_bulk.F > mod_bulk.f90
mpif90  -c -g -fbacktrace -O3 -I/usr/include -I/usr/include     -I/mnt/c/Users/jinikeda/Desktop/FVCOM/libs/install/include   -I/usr/include -I/usr/include     -I/mnt/c/Users/jinikeda/Desktop/FVCOM/libs/install/include   mod_bulk.f90
\rm mod_bulk.f90
/usr/bin/cpp -P -traditional -DGFORTRAN -I/usr/include -I/usr/include     -I/mnt/c/Users/jinikeda/Desktop/FVCOM/libs/install/include   -P -traditional -DDOUBLE_PRECISION -DSINGLE_OUTPUT -DSPHERICAL -DWET_DRY -DMULTIPROCESSOR -DLIMITED_NO -DGCN -DMPDATA -DTVD -DUSE_NETCDF4  mod_input.F > mod_input.f90
mpif90  -c -g -fbacktrace -O3 -I/usr/include -I/usr/include     -I/mnt/c/Users/jinikeda/Desktop/FVCOM/libs/install/include   -I/usr/include -I/usr/include     -I/mnt/c/Users/jinikeda/Desktop/FVCOM/libs/install/include   mod_input.f90
\rm mod_input.f90
/usr/bin/cpp -P -traditional -DGFORTRAN -I/usr/include -I/usr/include     -I/mnt/c/Users/jinikeda/Desktop/FVCOM/libs/install/include   -P -traditional -DDOUBLE_PRECISION -DSINGLE_OUTPUT -DSPHERICAL -DWET_DRY -DMULTIPROCESSOR -DLIMITED_NO -DGCN -DMPDATA -DTVD -DUSE_NETCDF4  mod_force.F > mod_force.f90
mpif90  -c -g -fbacktrace -O3 -I/usr/include -I/usr/include     -I/mnt/c/Users/jinikeda/Desktop/FVCOM/libs/install/include   -I/usr/include -I/usr/include     -I/mnt/c/Users/jinikeda/Desktop/FVCOM/libs/install/include   mod_force.f90
\rm mod_force.f90
/usr/bin/cpp -P -traditional -DGFORTRAN -I/usr/include -I/usr/include     -I/mnt/c/Users/jinikeda/Desktop/FVCOM/libs/install/include   -P -traditional -DDOUBLE_PRECISION -DSINGLE_OUTPUT -DSPHERICAL -DWET_DRY -DMULTIPROCESSOR -DLIMITED_NO -DGCN -DMPDATA -DTVD -DUSE_NETCDF4  mod_obcs.F > mod_obcs.f90
mpif90  -c -g -fbacktrace -O3 -I/usr/include -I/usr/include     -I/mnt/c/Users/jinikeda/Desktop/FVCOM/libs/install/include   -I/usr/include -I/usr/include     -I/mnt/c/Users/jinikeda/Desktop/FVCOM/libs/install/include   mod_obcs.f90
\rm mod_obcs.f90
/usr/bin/cpp -P -traditional -DGFORTRAN -I/usr/include -I/usr/include     -I/mnt/c/Users/jinikeda/Desktop/FVCOM/libs/install/include   -P -traditional -DDOUBLE_PRECISION -DSINGLE_OUTPUT -DSPHERICAL -DWET_DRY -DMULTIPROCESSOR -DLIMITED_NO -DGCN -DMPDATA -DTVD -DUSE_NETCDF4  mod_petsc.F > mod_petsc.f90
mpif90  -c -g -fbacktrace -O3 -I/usr/include -I/usr/include     -I/mnt/c/Users/jinikeda/Desktop/FVCOM/libs/install/include   -I/usr/include -I/usr/include     -I/mnt/c/Users/jinikeda/Desktop/FVCOM/libs/install/include   mod_petsc.f90
\rm mod_petsc.f90
/usr/bin/cpp -P -traditional -DGFORTRAN -I/usr/include -I/usr/include     -I/mnt/c/Users/jinikeda/Desktop/FVCOM/libs/install/include   -P -traditional -DDOUBLE_PRECISION -DSINGLE_OUTPUT -DSPHERICAL -DWET_DRY -DMULTIPROCESSOR -DLIMITED_NO -DGCN -DMPDATA -DTVD -DUSE_NETCDF4  mod_dam.F > mod_dam.f90
mpif90  -c -g -fbacktrace -O3 -I/usr/include -I/usr/include     -I/mnt/c/Users/jinikeda/Desktop/FVCOM/libs/install/include   -I/usr/include -I/usr/include     -I/mnt/c/Users/jinikeda/Desktop/FVCOM/libs/install/include   mod_dam.f90
\rm mod_dam.f90
/usr/bin/cpp -P -traditional -DGFORTRAN -I/usr/include -I/usr/include     -I/mnt/c/Users/jinikeda/Desktop/FVCOM/libs/install/include   -P -traditional -DDOUBLE_PRECISION -DSINGLE_OUTPUT -DSPHERICAL -DWET_DRY -DMULTIPROCESSOR -DLIMITED_NO -DGCN -DMPDATA -DTVD -DUSE_NETCDF4  swmod1.F > swmod1.f90
mpif90  -c -g -fbacktrace -O3 -I/usr/include -I/usr/include     -I/mnt/c/Users/jinikeda/Desktop/FVCOM/libs/install/include   -I/usr/include -I/usr/include     -I/mnt/c/Users/jinikeda/Desktop/FVCOM/libs/install/include   swmod1.f90
\rm swmod1.f90
/usr/bin/cpp -P -traditional -DGFORTRAN -I/usr/include -I/usr/include     -I/mnt/c/Users/jinikeda/Desktop/FVCOM/libs/install/include   -P -traditional -DDOUBLE_PRECISION -DSINGLE_OUTPUT -DSPHERICAL -DWET_DRY -DMULTIPROCESSOR -DLIMITED_NO -DGCN -DMPDATA -DTVD -DUSE_NETCDF4  mod_northpole.F > mod_northpole.f90
mpif90  -c -g -fbacktrace -O3 -I/usr/include -I/usr/include     -I/mnt/c/Users/jinikeda/Desktop/FVCOM/libs/install/include   -I/usr/include -I/usr/include     -I/mnt/c/Users/jinikeda/Desktop/FVCOM/libs/install/include   mod_northpole.f90
\rm mod_northpole.f90
/usr/bin/cpp -P -traditional -DGFORTRAN -I/usr/include -I/usr/include     -I/mnt/c/Users/jinikeda/Desktop/FVCOM/libs/install/include   -P -traditional -DDOUBLE_PRECISION -DSINGLE_OUTPUT -DSPHERICAL -DWET_DRY -DMULTIPROCESSOR -DLIMITED_NO -DGCN -DMPDATA -DTVD -DUSE_NETCDF4  mod_semi_implicit.F > mod_semi_implicit.f90
mpif90  -c -g -fbacktrace -O3 -I/usr/include -I/usr/include     -I/mnt/c/Users/jinikeda/Desktop/FVCOM/libs/install/include   -I/usr/include -I/usr/include     -I/mnt/c/Users/jinikeda/Desktop/FVCOM/libs/install/include   mod_semi_implicit.f90
\rm mod_semi_implicit.f90
/usr/bin/cpp -P -traditional -DGFORTRAN -I/usr/include -I/usr/include     -I/mnt/c/Users/jinikeda/Desktop/FVCOM/libs/install/include   -P -traditional -DDOUBLE_PRECISION -DSINGLE_OUTPUT -DSPHERICAL -DWET_DRY -DMULTIPROCESSOR -DLIMITED_NO -DGCN -DMPDATA -DTVD -DUSE_NETCDF4  mod_non_hydro.F > mod_non_hydro.f90
mpif90  -c -g -fbacktrace -O3 -I/usr/include -I/usr/include     -I/mnt/c/Users/jinikeda/Desktop/FVCOM/libs/install/include   -I/usr/include -I/usr/include     -I/mnt/c/Users/jinikeda/Desktop/FVCOM/libs/install/include   mod_non_hydro.f90
\rm mod_non_hydro.f90
/usr/bin/cpp -P -traditional -DGFORTRAN -I/usr/include -I/usr/include     -I/mnt/c/Users/jinikeda/Desktop/FVCOM/libs/install/include   -P -traditional -DDOUBLE_PRECISION -DSINGLE_OUTPUT -DSPHERICAL -DWET_DRY -DMULTIPROCESSOR -DLIMITED_NO -DGCN -DMPDATA -DTVD -DUSE_NETCDF4  mod_set_time.F > mod_set_time.f90
mpif90  -c -g -fbacktrace -O3 -I/usr/include -I/usr/include     -I/mnt/c/Users/jinikeda/Desktop/FVCOM/libs/install/include   -I/usr/include -I/usr/include     -I/mnt/c/Users/jinikeda/Desktop/FVCOM/libs/install/include   mod_set_time.f90
\rm mod_set_time.f90
/usr/bin/cpp -P -traditional -DGFORTRAN -I/usr/include -I/usr/include     -I/mnt/c/Users/jinikeda/Desktop/FVCOM/libs/install/include   -P -traditional -DDOUBLE_PRECISION -DSINGLE_OUTPUT -DSPHERICAL -DWET_DRY -DMULTIPROCESSOR -DLIMITED_NO -DGCN -DMPDATA -DTVD -DUSE_NETCDF4  mod_meanflow.F > mod_meanflow.f90
mpif90  -c -g -fbacktrace -O3 -I/usr/include -I/usr/include     -I/mnt/c/Users/jinikeda/Desktop/FVCOM/libs/install/include   -I/usr/include -I/usr/include     -I/mnt/c/Users/jinikeda/Desktop/FVCOM/libs/install/include   mod_meanflow.f90
\rm mod_meanflow.f90
/usr/bin/cpp -P -traditional -DGFORTRAN -I/usr/include -I/usr/include     -I/mnt/c/Users/jinikeda/Desktop/FVCOM/libs/install/include   -P -traditional -DDOUBLE_PRECISION -DSINGLE_OUTPUT -DSPHERICAL -DWET_DRY -DMULTIPROCESSOR -DLIMITED_NO -DGCN -DMPDATA -DTVD -DUSE_NETCDF4  mod_obcs2.F > mod_obcs2.f90
mpif90  -c -g -fbacktrace -O3 -I/usr/include -I/usr/include     -I/mnt/c/Users/jinikeda/Desktop/FVCOM/libs/install/include   -I/usr/include -I/usr/include     -I/mnt/c/Users/jinikeda/Desktop/FVCOM/libs/install/include   mod_obcs2.f90
\rm mod_obcs2.f90
/usr/bin/cpp -P -traditional -DGFORTRAN -I/usr/include -I/usr/include     -I/mnt/c/Users/jinikeda/Desktop/FVCOM/libs/install/include   -P -traditional -DDOUBLE_PRECISION -DSINGLE_OUTPUT -DSPHERICAL -DWET_DRY -DMULTIPROCESSOR -DLIMITED_NO -DGCN -DMPDATA -DTVD -DUSE_NETCDF4  mod_obcs3.F > mod_obcs3.f90
mpif90  -c -g -fbacktrace -O3 -I/usr/include -I/usr/include     -I/mnt/c/Users/jinikeda/Desktop/FVCOM/libs/install/include   -I/usr/include -I/usr/include     -I/mnt/c/Users/jinikeda/Desktop/FVCOM/libs/install/include   mod_obcs3.f90
\rm mod_obcs3.f90
/usr/bin/cpp -P -traditional -DGFORTRAN -I/usr/include -I/usr/include     -I/mnt/c/Users/jinikeda/Desktop/FVCOM/libs/install/include   -P -traditional -DDOUBLE_PRECISION -DSINGLE_OUTPUT -DSPHERICAL -DWET_DRY -DMULTIPROCESSOR -DLIMITED_NO -DGCN -DMPDATA -DTVD -DUSE_NETCDF4  mod_tvd.F > mod_tvd.f90
mpif90  -c -g -fbacktrace -O3 -I/usr/include -I/usr/include     -I/mnt/c/Users/jinikeda/Desktop/FVCOM/libs/install/include   -I/usr/include -I/usr/include     -I/mnt/c/Users/jinikeda/Desktop/FVCOM/libs/install/include   mod_tvd.f90
mod_tvd.f90:110:31:

  110 |       XUAdist(I) = XUA(I) - VX(Anear_node(I))
      |                               1
Warning: Legacy Extension: REAL array index at (1)
mod_tvd.f90:111:31:

  111 |       YUAdist(I) = YUA(I) - VY(Anear_node(I))
      |                               1
Warning: Legacy Extension: REAL array index at (1)
mod_tvd.f90:114:31:

  114 |       XUBdist(I) = XUB(I) - VX(Bnear_node(I))
      |                               1
Warning: Legacy Extension: REAL array index at (1)
mod_tvd.f90:115:31:

  115 |       YUBdist(I) = YUB(I) - VY(Bnear_node(I))
      |                               1
Warning: Legacy Extension: REAL array index at (1)
\rm mod_tvd.f90
/usr/bin/cpp -P -traditional -DGFORTRAN -I/usr/include -I/usr/include     -I/mnt/c/Users/jinikeda/Desktop/FVCOM/libs/install/include   -P -traditional -DDOUBLE_PRECISION -DSINGLE_OUTPUT -DSPHERICAL -DWET_DRY -DMULTIPROCESSOR -DLIMITED_NO -DGCN -DMPDATA -DTVD -DUSE_NETCDF4  mod_wqm.F > mod_wqm.f90
mpif90  -c -g -fbacktrace -O3 -I/usr/include -I/usr/include     -I/mnt/c/Users/jinikeda/Desktop/FVCOM/libs/install/include   -I/usr/include -I/usr/include     -I/mnt/c/Users/jinikeda/Desktop/FVCOM/libs/install/include   mod_wqm.f90
\rm mod_wqm.f90
/usr/bin/cpp -P -traditional -DGFORTRAN -I/usr/include -I/usr/include     -I/mnt/c/Users/jinikeda/Desktop/FVCOM/libs/install/include   -P -traditional -DDOUBLE_PRECISION -DSINGLE_OUTPUT -DSPHERICAL -DWET_DRY -DMULTIPROCESSOR -DLIMITED_NO -DGCN -DMPDATA -DTVD -DUSE_NETCDF4  mod_bio_3D.F > mod_bio_3D.f90
mpif90  -c -g -fbacktrace -O3 -I/usr/include -I/usr/include     -I/mnt/c/Users/jinikeda/Desktop/FVCOM/libs/install/include   -I/usr/include -I/usr/include     -I/mnt/c/Users/jinikeda/Desktop/FVCOM/libs/install/include   mod_bio_3D.f90
\rm mod_bio_3D.f90
/usr/bin/cpp -P -traditional -DGFORTRAN -I/usr/include -I/usr/include     -I/mnt/c/Users/jinikeda/Desktop/FVCOM/libs/install/include   -P -traditional -DDOUBLE_PRECISION -DSINGLE_OUTPUT -DSPHERICAL -DWET_DRY -DMULTIPROCESSOR -DLIMITED_NO -DGCN -DMPDATA -DTVD -DUSE_NETCDF4  mod_balance_2d.F > mod_balance_2d.f90
mpif90  -c -g -fbacktrace -O3 -I/usr/include -I/usr/include     -I/mnt/c/Users/jinikeda/Desktop/FVCOM/libs/install/include   -I/usr/include -I/usr/include     -I/mnt/c/Users/jinikeda/Desktop/FVCOM/libs/install/include   mod_balance_2d.f90
\rm mod_balance_2d.f90
/usr/bin/cpp -P -traditional -DGFORTRAN -I/usr/include -I/usr/include     -I/mnt/c/Users/jinikeda/Desktop/FVCOM/libs/install/include   -P -traditional -DDOUBLE_PRECISION -DSINGLE_OUTPUT -DSPHERICAL -DWET_DRY -DMULTIPROCESSOR -DLIMITED_NO -DGCN -DMPDATA -DTVD -DUSE_NETCDF4  mod_newinp.F > mod_newinp.f90
mpif90  -c -g -fbacktrace -O3 -I/usr/include -I/usr/include     -I/mnt/c/Users/jinikeda/Desktop/FVCOM/libs/install/include   -I/usr/include -I/usr/include     -I/mnt/c/Users/jinikeda/Desktop/FVCOM/libs/install/include   mod_newinp.f90
\rm mod_newinp.f90
/usr/bin/cpp -P -traditional -DGFORTRAN -I/usr/include -I/usr/include     -I/mnt/c/Users/jinikeda/Desktop/FVCOM/libs/install/include   -P -traditional -DDOUBLE_PRECISION -DSINGLE_OUTPUT -DSPHERICAL -DWET_DRY -DMULTIPROCESSOR -DLIMITED_NO -DGCN -DMPDATA -DTVD -DUSE_NETCDF4  mod_vegetation.F > mod_vegetation.f90
mpif90  -c -g -fbacktrace -O3 -I/usr/include -I/usr/include     -I/mnt/c/Users/jinikeda/Desktop/FVCOM/libs/install/include   -I/usr/include -I/usr/include     -I/mnt/c/Users/jinikeda/Desktop/FVCOM/libs/install/include   mod_vegetation.f90
\rm mod_vegetation.f90
/usr/bin/cpp -P -traditional -DGFORTRAN -I/usr/include -I/usr/include     -I/mnt/c/Users/jinikeda/Desktop/FVCOM/libs/install/include   -P -traditional -DDOUBLE_PRECISION -DSINGLE_OUTPUT -DSPHERICAL -DWET_DRY -DMULTIPROCESSOR -DLIMITED_NO -DGCN -DMPDATA -DTVD -DUSE_NETCDF4  mod_fluid_mud.F > mod_fluid_mud.f90
mpif90  -c -g -fbacktrace -O3 -I/usr/include -I/usr/include     -I/mnt/c/Users/jinikeda/Desktop/FVCOM/libs/install/include   -I/usr/include -I/usr/include     -I/mnt/c/Users/jinikeda/Desktop/FVCOM/libs/install/include   mod_fluid_mud.f90
\rm mod_fluid_mud.f90
/usr/bin/cpp -P -traditional -DGFORTRAN -I/usr/include -I/usr/include     -I/mnt/c/Users/jinikeda/Desktop/FVCOM/libs/install/include   -P -traditional -DDOUBLE_PRECISION -DSINGLE_OUTPUT -DSPHERICAL -DWET_DRY -DMULTIPROCESSOR -DLIMITED_NO -DGCN -DMPDATA -DTVD -DUSE_NETCDF4  mod_tridiag.F > mod_tridiag.f90
mpif90  -c -g -fbacktrace -O3 -I/usr/include -I/usr/include     -I/mnt/c/Users/jinikeda/Desktop/FVCOM/libs/install/include   -I/usr/include -I/usr/include     -I/mnt/c/Users/jinikeda/Desktop/FVCOM/libs/install/include   mod_tridiag.f90
\rm mod_tridiag.f90
/usr/bin/cpp -P -traditional -DGFORTRAN -I/usr/include -I/usr/include     -I/mnt/c/Users/jinikeda/Desktop/FVCOM/libs/install/include   -P -traditional -DDOUBLE_PRECISION -DSINGLE_OUTPUT -DSPHERICAL -DWET_DRY -DMULTIPROCESSOR -DLIMITED_NO -DGCN -DMPDATA -DTVD -DUSE_NETCDF4  mod_scal.F > mod_scal.f90
mpif90  -c -g -fbacktrace -O3 -I/usr/include -I/usr/include     -I/mnt/c/Users/jinikeda/Desktop/FVCOM/libs/install/include   -I/usr/include -I/usr/include     -I/mnt/c/Users/jinikeda/Desktop/FVCOM/libs/install/include   mod_scal.f90
\rm mod_scal.f90
/usr/bin/cpp -P -traditional -DGFORTRAN -I/usr/include -I/usr/include     -I/mnt/c/Users/jinikeda/Desktop/FVCOM/libs/install/include   -P -traditional -DDOUBLE_PRECISION -DSINGLE_OUTPUT -DSPHERICAL -DWET_DRY -DMULTIPROCESSOR -DLIMITED_NO -DGCN -DMPDATA -DTVD -DUSE_NETCDF4  mod_cstms_vars.F > mod_cstms_vars.f90
mpif90  -c -g -fbacktrace -O3 -I/usr/include -I/usr/include     -I/mnt/c/Users/jinikeda/Desktop/FVCOM/libs/install/include   -I/usr/include -I/usr/include     -I/mnt/c/Users/jinikeda/Desktop/FVCOM/libs/install/include   mod_cstms_vars.f90
\rm mod_cstms_vars.f90
/usr/bin/cpp -P -traditional -DGFORTRAN -I/usr/include -I/usr/include     -I/mnt/c/Users/jinikeda/Desktop/FVCOM/libs/install/include   -P -traditional -DDOUBLE_PRECISION -DSINGLE_OUTPUT -DSPHERICAL -DWET_DRY -DMULTIPROCESSOR -DLIMITED_NO -DGCN -DMPDATA -DTVD -DUSE_NETCDF4  mod_flocmod.F > mod_flocmod.f90
mpif90  -c -g -fbacktrace -O3 -I/usr/include -I/usr/include     -I/mnt/c/Users/jinikeda/Desktop/FVCOM/libs/install/include   -I/usr/include -I/usr/include     -I/mnt/c/Users/jinikeda/Desktop/FVCOM/libs/install/include   mod_flocmod.f90
\rm mod_flocmod.f90
/usr/bin/cpp -P -traditional -DGFORTRAN -I/usr/include -I/usr/include     -I/mnt/c/Users/jinikeda/Desktop/FVCOM/libs/install/include   -P -traditional -DDOUBLE_PRECISION -DSINGLE_OUTPUT -DSPHERICAL -DWET_DRY -DMULTIPROCESSOR -DLIMITED_NO -DGCN -DMPDATA -DTVD -DUSE_NETCDF4  mod_sed_cstms.F > mod_sed_cstms.f90
mpif90  -c -g -fbacktrace -O3 -I/usr/include -I/usr/include     -I/mnt/c/Users/jinikeda/Desktop/FVCOM/libs/install/include   -I/usr/include -I/usr/include     -I/mnt/c/Users/jinikeda/Desktop/FVCOM/libs/install/include   mod_sed_cstms.f90
\rm mod_sed_cstms.f90
/usr/bin/cpp -P -traditional -DGFORTRAN -I/usr/include -I/usr/include     -I/mnt/c/Users/jinikeda/Desktop/FVCOM/libs/install/include   -P -traditional -DDOUBLE_PRECISION -DSINGLE_OUTPUT -DSPHERICAL -DWET_DRY -DMULTIPROCESSOR -DLIMITED_NO -DGCN -DMPDATA -DTVD -DUSE_NETCDF4  mod_sed.F > mod_sed.f90
mpif90  -c -g -fbacktrace -O3 -I/usr/include -I/usr/include     -I/mnt/c/Users/jinikeda/Desktop/FVCOM/libs/install/include   -I/usr/include -I/usr/include     -I/mnt/c/Users/jinikeda/Desktop/FVCOM/libs/install/include   mod_sed.f90
\rm mod_sed.f90
/usr/bin/cpp -P -traditional -DGFORTRAN -I/usr/include -I/usr/include     -I/mnt/c/Users/jinikeda/Desktop/FVCOM/libs/install/include   -P -traditional -DDOUBLE_PRECISION -DSINGLE_OUTPUT -DSPHERICAL -DWET_DRY -DMULTIPROCESSOR -DLIMITED_NO -DGCN -DMPDATA -DTVD -DUSE_NETCDF4  mod_dye.F > mod_dye.f90
mpif90  -c -g -fbacktrace -O3 -I/usr/include -I/usr/include     -I/mnt/c/Users/jinikeda/Desktop/FVCOM/libs/install/include   -I/usr/include -I/usr/include     -I/mnt/c/Users/jinikeda/Desktop/FVCOM/libs/install/include   mod_dye.f90
\rm mod_dye.f90
/usr/bin/cpp -P -traditional -DGFORTRAN -I/usr/include -I/usr/include     -I/mnt/c/Users/jinikeda/Desktop/FVCOM/libs/install/include   -P -traditional -DDOUBLE_PRECISION -DSINGLE_OUTPUT -DSPHERICAL -DWET_DRY -DMULTIPROCESSOR -DLIMITED_NO -DGCN -DMPDATA -DTVD -DUSE_NETCDF4  mod_ncdio.F > mod_ncdio.f90
mpif90  -c -g -fbacktrace -O3 -I/usr/include -I/usr/include     -I/mnt/c/Users/jinikeda/Desktop/FVCOM/libs/install/include   -I/usr/include -I/usr/include     -I/mnt/c/Users/jinikeda/Desktop/FVCOM/libs/install/include   mod_ncdio.f90
\rm mod_ncdio.f90
/usr/bin/cpp -P -traditional -DGFORTRAN -I/usr/include -I/usr/include     -I/mnt/c/Users/jinikeda/Desktop/FVCOM/libs/install/include   -P -traditional -DDOUBLE_PRECISION -DSINGLE_OUTPUT -DSPHERICAL -DWET_DRY -DMULTIPROCESSOR -DLIMITED_NO -DGCN -DMPDATA -DTVD -DUSE_NETCDF4  mod_setup.F > mod_setup.f90
mpif90  -c -g -fbacktrace -O3 -I/usr/include -I/usr/include     -I/mnt/c/Users/jinikeda/Desktop/FVCOM/libs/install/include   -I/usr/include -I/usr/include     -I/mnt/c/Users/jinikeda/Desktop/FVCOM/libs/install/include   mod_setup.f90
\rm mod_setup.f90
/usr/bin/cpp -P -traditional -DGFORTRAN -I/usr/include -I/usr/include     -I/mnt/c/Users/jinikeda/Desktop/FVCOM/libs/install/include   -P -traditional -DDOUBLE_PRECISION -DSINGLE_OUTPUT -DSPHERICAL -DWET_DRY -DMULTIPROCESSOR -DLIMITED_NO -DGCN -DMPDATA -DTVD -DUSE_NETCDF4  mod_nesting.F > mod_nesting.f90
mpif90  -c -g -fbacktrace -O3 -I/usr/include -I/usr/include     -I/mnt/c/Users/jinikeda/Desktop/FVCOM/libs/install/include   -I/usr/include -I/usr/include     -I/mnt/c/Users/jinikeda/Desktop/FVCOM/libs/install/include   mod_nesting.f90
\rm mod_nesting.f90
/usr/bin/cpp -P -traditional -DGFORTRAN -I/usr/include -I/usr/include     -I/mnt/c/Users/jinikeda/Desktop/FVCOM/libs/install/include   -P -traditional -DDOUBLE_PRECISION -DSINGLE_OUTPUT -DSPHERICAL -DWET_DRY -DMULTIPROCESSOR -DLIMITED_NO -DGCN -DMPDATA -DTVD -DUSE_NETCDF4  mod_startup.F > mod_startup.f90
mpif90  -c -g -fbacktrace -O3 -I/usr/include -I/usr/include     -I/mnt/c/Users/jinikeda/Desktop/FVCOM/libs/install/include   -I/usr/include -I/usr/include     -I/mnt/c/Users/jinikeda/Desktop/FVCOM/libs/install/include   mod_startup.f90
\rm mod_startup.f90
/usr/bin/cpp -P -traditional -DGFORTRAN -I/usr/include -I/usr/include     -I/mnt/c/Users/jinikeda/Desktop/FVCOM/libs/install/include   -P -traditional -DDOUBLE_PRECISION -DSINGLE_OUTPUT -DSPHERICAL -DWET_DRY -DMULTIPROCESSOR -DLIMITED_NO -DGCN -DMPDATA -DTVD -DUSE_NETCDF4  particle.F > particle.f90
mpif90  -c -g -fbacktrace -O3 -I/usr/include -I/usr/include     -I/mnt/c/Users/jinikeda/Desktop/FVCOM/libs/install/include   -I/usr/include -I/usr/include     -I/mnt/c/Users/jinikeda/Desktop/FVCOM/libs/install/include   particle.f90
\rm particle.f90
/usr/bin/cpp -P -traditional -DGFORTRAN -I/usr/include -I/usr/include     -I/mnt/c/Users/jinikeda/Desktop/FVCOM/libs/install/include   -P -traditional -DDOUBLE_PRECISION -DSINGLE_OUTPUT -DSPHERICAL -DWET_DRY -DMULTIPROCESSOR -DLIMITED_NO -DGCN -DMPDATA -DTVD -DUSE_NETCDF4  linklist.F > linklist.f90
mpif90  -c -g -fbacktrace -O3 -I/usr/include -I/usr/include     -I/mnt/c/Users/jinikeda/Desktop/FVCOM/libs/install/include   -I/usr/include -I/usr/include     -I/mnt/c/Users/jinikeda/Desktop/FVCOM/libs/install/include   linklist.f90
\rm linklist.f90
/usr/bin/cpp -P -traditional -DGFORTRAN -I/usr/include -I/usr/include     -I/mnt/c/Users/jinikeda/Desktop/FVCOM/libs/install/include   -P -traditional -DDOUBLE_PRECISION -DSINGLE_OUTPUT -DSPHERICAL -DWET_DRY -DMULTIPROCESSOR -DLIMITED_NO -DGCN -DMPDATA -DTVD -DUSE_NETCDF4  mod_lag.F > mod_lag.f90
mpif90  -c -g -fbacktrace -O3 -I/usr/include -I/usr/include     -I/mnt/c/Users/jinikeda/Desktop/FVCOM/libs/install/include   -I/usr/include -I/usr/include     -I/mnt/c/Users/jinikeda/Desktop/FVCOM/libs/install/include   mod_lag.f90
\rm mod_lag.f90
/usr/bin/cpp -P -traditional -DGFORTRAN -I/usr/include -I/usr/include     -I/mnt/c/Users/jinikeda/Desktop/FVCOM/libs/install/include   -P -traditional -DDOUBLE_PRECISION -DSINGLE_OUTPUT -DSPHERICAL -DWET_DRY -DMULTIPROCESSOR -DLIMITED_NO -DGCN -DMPDATA -DTVD -DUSE_NETCDF4  mod_pwp.F > mod_pwp.f90
mpif90  -c -g -fbacktrace -O3 -I/usr/include -I/usr/include     -I/mnt/c/Users/jinikeda/Desktop/FVCOM/libs/install/include   -I/usr/include -I/usr/include     -I/mnt/c/Users/jinikeda/Desktop/FVCOM/libs/install/include   mod_pwp.f90
\rm mod_pwp.f90
/usr/bin/cpp -P -traditional -DGFORTRAN -I/usr/include -I/usr/include     -I/mnt/c/Users/jinikeda/Desktop/FVCOM/libs/install/include   -P -traditional -DDOUBLE_PRECISION -DSINGLE_OUTPUT -DSPHERICAL -DWET_DRY -DMULTIPROCESSOR -DLIMITED_NO -DGCN -DMPDATA -DTVD -DUSE_NETCDF4  mod_optimal_interpolation.F > mod_optimal_interpolation.f90
mpif90  -c -g -fbacktrace -O3 -I/usr/include -I/usr/include     -I/mnt/c/Users/jinikeda/Desktop/FVCOM/libs/install/include   -I/usr/include -I/usr/include     -I/mnt/c/Users/jinikeda/Desktop/FVCOM/libs/install/include   mod_optimal_interpolation.f90
\rm mod_optimal_interpolation.f90
/usr/bin/cpp -P -traditional -DGFORTRAN -I/usr/include -I/usr/include     -I/mnt/c/Users/jinikeda/Desktop/FVCOM/libs/install/include   -P -traditional -DDOUBLE_PRECISION -DSINGLE_OUTPUT -DSPHERICAL -DWET_DRY -DMULTIPROCESSOR -DLIMITED_NO -DGCN -DMPDATA -DTVD -DUSE_NETCDF4  mod_report.F > mod_report.f90
mpif90  -c -g -fbacktrace -O3 -I/usr/include -I/usr/include     -I/mnt/c/Users/jinikeda/Desktop/FVCOM/libs/install/include   -I/usr/include -I/usr/include     -I/mnt/c/Users/jinikeda/Desktop/FVCOM/libs/install/include   mod_report.f90
\rm mod_report.f90
/usr/bin/cpp -P -traditional -DGFORTRAN -I/usr/include -I/usr/include     -I/mnt/c/Users/jinikeda/Desktop/FVCOM/libs/install/include   -P -traditional -DDOUBLE_PRECISION -DSINGLE_OUTPUT -DSPHERICAL -DWET_DRY -DMULTIPROCESSOR -DLIMITED_NO -DGCN -DMPDATA -DTVD -DUSE_NETCDF4  mod_probe.F > mod_probe.f90
mpif90  -c -g -fbacktrace -O3 -I/usr/include -I/usr/include     -I/mnt/c/Users/jinikeda/Desktop/FVCOM/libs/install/include   -I/usr/include -I/usr/include     -I/mnt/c/Users/jinikeda/Desktop/FVCOM/libs/install/include   mod_probe.f90
\rm mod_probe.f90
/usr/bin/cpp -P -traditional -DGFORTRAN -I/usr/include -I/usr/include     -I/mnt/c/Users/jinikeda/Desktop/FVCOM/libs/install/include   -P -traditional -DDOUBLE_PRECISION -DSINGLE_OUTPUT -DSPHERICAL -DWET_DRY -DMULTIPROCESSOR -DLIMITED_NO -DGCN -DMPDATA -DTVD -DUSE_NETCDF4  mod_gotm.F > mod_gotm.f90
mpif90  -c -g -fbacktrace -O3 -I/usr/include -I/usr/include     -I/mnt/c/Users/jinikeda/Desktop/FVCOM/libs/install/include   -I/usr/include -I/usr/include     -I/mnt/c/Users/jinikeda/Desktop/FVCOM/libs/install/include   mod_gotm.f90
\rm mod_gotm.f90
/usr/bin/cpp -P -traditional -DGFORTRAN -I/usr/include -I/usr/include     -I/mnt/c/Users/jinikeda/Desktop/FVCOM/libs/install/include   -P -traditional -DDOUBLE_PRECISION -DSINGLE_OUTPUT -DSPHERICAL -DWET_DRY -DMULTIPROCESSOR -DLIMITED_NO -DGCN -DMPDATA -DTVD -DUSE_NETCDF4  mod_enkf.F > mod_enkf.f90
mpif90  -c -g -fbacktrace -O3 -I/usr/include -I/usr/include     -I/mnt/c/Users/jinikeda/Desktop/FVCOM/libs/install/include   -I/usr/include -I/usr/include     -I/mnt/c/Users/jinikeda/Desktop/FVCOM/libs/install/include   mod_enkf.f90
\rm mod_enkf.f90
/usr/bin/cpp -P -traditional -DGFORTRAN -I/usr/include -I/usr/include     -I/mnt/c/Users/jinikeda/Desktop/FVCOM/libs/install/include   -P -traditional -DDOUBLE_PRECISION -DSINGLE_OUTPUT -DSPHERICAL -DWET_DRY -DMULTIPROCESSOR -DLIMITED_NO -DGCN -DMPDATA -DTVD -DUSE_NETCDF4  mod_etkf.F > mod_etkf.f90
mpif90  -c -g -fbacktrace -O3 -I/usr/include -I/usr/include     -I/mnt/c/Users/jinikeda/Desktop/FVCOM/libs/install/include   -I/usr/include -I/usr/include     -I/mnt/c/Users/jinikeda/Desktop/FVCOM/libs/install/include   mod_etkf.f90
\rm mod_etkf.f90
/usr/bin/cpp -P -traditional -DGFORTRAN -I/usr/include -I/usr/include     -I/mnt/c/Users/jinikeda/Desktop/FVCOM/libs/install/include   -P -traditional -DDOUBLE_PRECISION -DSINGLE_OUTPUT -DSPHERICAL -DWET_DRY -DMULTIPROCESSOR -DLIMITED_NO -DGCN -DMPDATA -DTVD -DUSE_NETCDF4  mod_rrk.F > mod_rrk.f90
mpif90  -c -g -fbacktrace -O3 -I/usr/include -I/usr/include     -I/mnt/c/Users/jinikeda/Desktop/FVCOM/libs/install/include   -I/usr/include -I/usr/include     -I/mnt/c/Users/jinikeda/Desktop/FVCOM/libs/install/include   mod_rrk.f90
\rm mod_rrk.f90
/usr/bin/cpp -P -traditional -DGFORTRAN -I/usr/include -I/usr/include     -I/mnt/c/Users/jinikeda/Desktop/FVCOM/libs/install/include   -P -traditional -DDOUBLE_PRECISION -DSINGLE_OUTPUT -DSPHERICAL -DWET_DRY -DMULTIPROCESSOR -DLIMITED_NO -DGCN -DMPDATA -DTVD -DUSE_NETCDF4  mod_rrkf_obs.F > mod_rrkf_obs.f90
mpif90  -c -g -fbacktrace -O3 -I/usr/include -I/usr/include     -I/mnt/c/Users/jinikeda/Desktop/FVCOM/libs/install/include   -I/usr/include -I/usr/include     -I/mnt/c/Users/jinikeda/Desktop/FVCOM/libs/install/include   mod_rrkf_obs.f90
\rm mod_rrkf_obs.f90
/usr/bin/cpp -P -traditional -DGFORTRAN -I/usr/include -I/usr/include     -I/mnt/c/Users/jinikeda/Desktop/FVCOM/libs/install/include   -P -traditional -DDOUBLE_PRECISION -DSINGLE_OUTPUT -DSPHERICAL -DWET_DRY -DMULTIPROCESSOR -DLIMITED_NO -DGCN -DMPDATA -DTVD -DUSE_NETCDF4  mod_rrkassim.F > mod_rrkassim.f90
mpif90  -c -g -fbacktrace -O3 -I/usr/include -I/usr/include     -I/mnt/c/Users/jinikeda/Desktop/FVCOM/libs/install/include   -I/usr/include -I/usr/include     -I/mnt/c/Users/jinikeda/Desktop/FVCOM/libs/install/include   mod_rrkassim.f90
\rm mod_rrkassim.f90
/usr/bin/cpp -P -traditional -DGFORTRAN -I/usr/include -I/usr/include     -I/mnt/c/Users/jinikeda/Desktop/FVCOM/libs/install/include   -P -traditional -DDOUBLE_PRECISION -DSINGLE_OUTPUT -DSPHERICAL -DWET_DRY -DMULTIPROCESSOR -DLIMITED_NO -DGCN -DMPDATA -DTVD -DUSE_NETCDF4  mod_enkf_ncd.F > mod_enkf_ncd.f90
mpif90  -c -g -fbacktrace -O3 -I/usr/include -I/usr/include     -I/mnt/c/Users/jinikeda/Desktop/FVCOM/libs/install/include   -I/usr/include -I/usr/include     -I/mnt/c/Users/jinikeda/Desktop/FVCOM/libs/install/include   mod_enkf_ncd.f90
\rm mod_enkf_ncd.f90
/usr/bin/cpp -P -traditional -DGFORTRAN -I/usr/include -I/usr/include     -I/mnt/c/Users/jinikeda/Desktop/FVCOM/libs/install/include   -P -traditional -DDOUBLE_PRECISION -DSINGLE_OUTPUT -DSPHERICAL -DWET_DRY -DMULTIPROCESSOR -DLIMITED_NO -DGCN -DMPDATA -DTVD -DUSE_NETCDF4  enkf_ncdio.F > enkf_ncdio.f90
mpif90  -c -g -fbacktrace -O3 -I/usr/include -I/usr/include     -I/mnt/c/Users/jinikeda/Desktop/FVCOM/libs/install/include   -I/usr/include -I/usr/include     -I/mnt/c/Users/jinikeda/Desktop/FVCOM/libs/install/include   enkf_ncdio.f90
\rm enkf_ncdio.f90
/usr/bin/cpp -P -traditional -DGFORTRAN -I/usr/include -I/usr/include     -I/mnt/c/Users/jinikeda/Desktop/FVCOM/libs/install/include   -P -traditional -DDOUBLE_PRECISION -DSINGLE_OUTPUT -DSPHERICAL -DWET_DRY -DMULTIPROCESSOR -DLIMITED_NO -DGCN -DMPDATA -DTVD -DUSE_NETCDF4  mod_enkf_obs.F > mod_enkf_obs.f90
mpif90  -c -g -fbacktrace -O3 -I/usr/include -I/usr/include     -I/mnt/c/Users/jinikeda/Desktop/FVCOM/libs/install/include   -I/usr/include -I/usr/include     -I/mnt/c/Users/jinikeda/Desktop/FVCOM/libs/install/include   mod_enkf_obs.f90
\rm mod_enkf_obs.f90
/usr/bin/cpp -P -traditional -DGFORTRAN -I/usr/include -I/usr/include     -I/mnt/c/Users/jinikeda/Desktop/FVCOM/libs/install/include   -P -traditional -DDOUBLE_PRECISION -DSINGLE_OUTPUT -DSPHERICAL -DWET_DRY -DMULTIPROCESSOR -DLIMITED_NO -DGCN -DMPDATA -DTVD -DUSE_NETCDF4  mod_enkfassim.F > mod_enkfassim.f90
mpif90  -c -g -fbacktrace -O3 -I/usr/include -I/usr/include     -I/mnt/c/Users/jinikeda/Desktop/FVCOM/libs/install/include   -I/usr/include -I/usr/include     -I/mnt/c/Users/jinikeda/Desktop/FVCOM/libs/install/include   mod_enkfassim.f90
\rm mod_enkfassim.f90
/usr/bin/cpp -P -traditional -DGFORTRAN -I/usr/include -I/usr/include     -I/mnt/c/Users/jinikeda/Desktop/FVCOM/libs/install/include   -P -traditional -DDOUBLE_PRECISION -DSINGLE_OUTPUT -DSPHERICAL -DWET_DRY -DMULTIPROCESSOR -DLIMITED_NO -DGCN -DMPDATA -DTVD -DUSE_NETCDF4  mod_assim.F > mod_assim.f90
mpif90  -c -g -fbacktrace -O3 -I/usr/include -I/usr/include     -I/mnt/c/Users/jinikeda/Desktop/FVCOM/libs/install/include   -I/usr/include -I/usr/include     -I/mnt/c/Users/jinikeda/Desktop/FVCOM/libs/install/include   mod_assim.f90
\rm mod_assim.f90
/usr/bin/cpp -P -traditional -DGFORTRAN -I/usr/include -I/usr/include     -I/mnt/c/Users/jinikeda/Desktop/FVCOM/libs/install/include   -P -traditional -DDOUBLE_PRECISION -DSINGLE_OUTPUT -DSPHERICAL -DWET_DRY -DMULTIPROCESSOR -DLIMITED_NO -DGCN -DMPDATA -DTVD -DUSE_NETCDF4  mod_visit.F > mod_visit.f90
mpif90  -c -g -fbacktrace -O3 -I/usr/include -I/usr/include     -I/mnt/c/Users/jinikeda/Desktop/FVCOM/libs/install/include   -I/usr/include -I/usr/include     -I/mnt/c/Users/jinikeda/Desktop/FVCOM/libs/install/include   mod_visit.f90
\rm mod_visit.f90
/usr/bin/cpp -P -traditional -DGFORTRAN -I/usr/include -I/usr/include     -I/mnt/c/Users/jinikeda/Desktop/FVCOM/libs/install/include   -P -traditional -DDOUBLE_PRECISION -DSINGLE_OUTPUT -DSPHERICAL -DWET_DRY -DMULTIPROCESSOR -DLIMITED_NO -DGCN -DMPDATA -DTVD -DUSE_NETCDF4  mod_plbc.F > mod_plbc.f90
mpif90  -c -g -fbacktrace -O3 -I/usr/include -I/usr/include     -I/mnt/c/Users/jinikeda/Desktop/FVCOM/libs/install/include   -I/usr/include -I/usr/include     -I/mnt/c/Users/jinikeda/Desktop/FVCOM/libs/install/include   mod_plbc.f90
\rm mod_plbc.f90
/usr/bin/cpp -P -traditional -DGFORTRAN -I/usr/include -I/usr/include     -I/mnt/c/Users/jinikeda/Desktop/FVCOM/libs/install/include   -P -traditional -DDOUBLE_PRECISION -DSINGLE_OUTPUT -DSPHERICAL -DWET_DRY -DMULTIPROCESSOR -DLIMITED_NO -DGCN -DMPDATA -DTVD -DUSE_NETCDF4  mod_station_timeseries.F > mod_station_timeseries.f90
mpif90  -c -g -fbacktrace -O3 -I/usr/include -I/usr/include     -I/mnt/c/Users/jinikeda/Desktop/FVCOM/libs/install/include   -I/usr/include -I/usr/include     -I/mnt/c/Users/jinikeda/Desktop/FVCOM/libs/install/include   mod_station_timeseries.f90
\rm mod_station_timeseries.f90
/usr/bin/cpp -P -traditional -DGFORTRAN -I/usr/include -I/usr/include     -I/mnt/c/Users/jinikeda/Desktop/FVCOM/libs/install/include   -P -traditional -DDOUBLE_PRECISION -DSINGLE_OUTPUT -DSPHERICAL -DWET_DRY -DMULTIPROCESSOR -DLIMITED_NO -DGCN -DMPDATA -DTVD -DUSE_NETCDF4  mod_sparse_timeseries.F > mod_sparse_timeseries.f90
mpif90  -c -g -fbacktrace -O3 -I/usr/include -I/usr/include     -I/mnt/c/Users/jinikeda/Desktop/FVCOM/libs/install/include   -I/usr/include -I/usr/include     -I/mnt/c/Users/jinikeda/Desktop/FVCOM/libs/install/include   mod_sparse_timeseries.f90
\rm mod_sparse_timeseries.f90
/usr/bin/cpp -P -traditional -DGFORTRAN -I/usr/include -I/usr/include     -I/mnt/c/Users/jinikeda/Desktop/FVCOM/libs/install/include   -P -traditional -DDOUBLE_PRECISION -DSINGLE_OUTPUT -DSPHERICAL -DWET_DRY -DMULTIPROCESSOR -DLIMITED_NO -DGCN -DMPDATA -DTVD -DUSE_NETCDF4  mod_boundschk.F > mod_boundschk.f90
mpif90  -c -g -fbacktrace -O3 -I/usr/include -I/usr/include     -I/mnt/c/Users/jinikeda/Desktop/FVCOM/libs/install/include   -I/usr/include -I/usr/include     -I/mnt/c/Users/jinikeda/Desktop/FVCOM/libs/install/include   mod_boundschk.f90
\rm mod_boundschk.f90
/usr/bin/cpp -P -traditional -DGFORTRAN -I/usr/include -I/usr/include     -I/mnt/c/Users/jinikeda/Desktop/FVCOM/libs/install/include   -P -traditional -DDOUBLE_PRECISION -DSINGLE_OUTPUT -DSPHERICAL -DWET_DRY -DMULTIPROCESSOR -DLIMITED_NO -DGCN -DMPDATA -DTVD -DUSE_NETCDF4  mod_esmf_nesting.F > mod_esmf_nesting.f90
mpif90  -c -g -fbacktrace -O3 -I/usr/include -I/usr/include     -I/mnt/c/Users/jinikeda/Desktop/FVCOM/libs/install/include   -I/usr/include -I/usr/include     -I/mnt/c/Users/jinikeda/Desktop/FVCOM/libs/install/include   mod_esmf_nesting.f90
\rm mod_esmf_nesting.f90
/usr/bin/cpp -P -traditional -DGFORTRAN -I/usr/include -I/usr/include     -I/mnt/c/Users/jinikeda/Desktop/FVCOM/libs/install/include   -P -traditional -DDOUBLE_PRECISION -DSINGLE_OUTPUT -DSPHERICAL -DWET_DRY -DMULTIPROCESSOR -DLIMITED_NO -DGCN -DMPDATA -DTVD -DUSE_NETCDF4  mod_mld_rho.F > mod_mld_rho.f90
mpif90  -c -g -fbacktrace -O3 -I/usr/include -I/usr/include     -I/mnt/c/Users/jinikeda/Desktop/FVCOM/libs/install/include   -I/usr/include -I/usr/include     -I/mnt/c/Users/jinikeda/Desktop/FVCOM/libs/install/include   mod_mld_rho.f90
\rm mod_mld_rho.f90
/usr/bin/cpp -P -traditional -DGFORTRAN -I/usr/include -I/usr/include     -I/mnt/c/Users/jinikeda/Desktop/FVCOM/libs/install/include   -P -traditional -DDOUBLE_PRECISION -DSINGLE_OUTPUT -DSPHERICAL -DWET_DRY -DMULTIPROCESSOR -DLIMITED_NO -DGCN -DMPDATA -DTVD -DUSE_NETCDF4  mod_heatflux_sediment.F > mod_heatflux_sediment.f90
mpif90  -c -g -fbacktrace -O3 -I/usr/include -I/usr/include     -I/mnt/c/Users/jinikeda/Desktop/FVCOM/libs/install/include   -I/usr/include -I/usr/include     -I/mnt/c/Users/jinikeda/Desktop/FVCOM/libs/install/include   mod_heatflux_sediment.f90
\rm mod_heatflux_sediment.f90
/usr/bin/cpp -P -traditional -DGFORTRAN -I/usr/include -I/usr/include     -I/mnt/c/Users/jinikeda/Desktop/FVCOM/libs/install/include   -P -traditional -DDOUBLE_PRECISION -DSINGLE_OUTPUT -DSPHERICAL -DWET_DRY -DMULTIPROCESSOR -DLIMITED_NO -DGCN -DMPDATA -DTVD -DUSE_NETCDF4  mod_vector_projection.F > mod_vector_projection.f90
mpif90  -c -g -fbacktrace -O3 -I/usr/include -I/usr/include     -I/mnt/c/Users/jinikeda/Desktop/FVCOM/libs/install/include   -I/usr/include -I/usr/include     -I/mnt/c/Users/jinikeda/Desktop/FVCOM/libs/install/include   mod_vector_projection.f90
\rm mod_vector_projection.f90
/usr/bin/cpp -P -traditional -DGFORTRAN -I/usr/include -I/usr/include     -I/mnt/c/Users/jinikeda/Desktop/FVCOM/libs/install/include   -P -traditional -DDOUBLE_PRECISION -DSINGLE_OUTPUT -DSPHERICAL -DWET_DRY -DMULTIPROCESSOR -DLIMITED_NO -DGCN -DMPDATA -DTVD -DUSE_NETCDF4  stubs_icing_upcase.F > stubs_icing_upcase.f90
mpif90  -c -g -fbacktrace -O3 -I/usr/include -I/usr/include     -I/mnt/c/Users/jinikeda/Desktop/FVCOM/libs/install/include   -I/usr/include -I/usr/include     -I/mnt/c/Users/jinikeda/Desktop/FVCOM/libs/install/include   stubs_icing_upcase.f90
stubs_icing_upcase.f90:13:1:

   13 | C     Dummy: do nothing, just satisfy external reference.
      | 1
Error: Unclassifiable statement at (1)
make: *** [makefile:43: stubs_icing_upcase.o] Error 1
