make: Circular mod_prec.o <- mod_prec.o dependency dropped.
/usr/bin/cpp -P -traditional -DGFORTRAN -I/usr/include -I/usr/include     -I/mnt/c/Users/jinikeda/Desktop/FVCOM/libs/install/include   -P -traditional -DDOUBLE_PRECISION -DSINGLE_OUTPUT -DSPHERICAL -DWET_DRY -DMULTIPROCESSOR -DLIMITED_NO -DGCN -DMPDATA -DTVD -DUSE_NETCDF4  mod_prec.F > mod_prec.f90
mpif90  -c  -O3 -I/usr/include -I/usr/include     -I/mnt/c/Users/jinikeda/Desktop/FVCOM/libs/install/include   -I/usr/include -I/usr/include     -I/mnt/c/Users/jinikeda/Desktop/FVCOM/libs/install/include   mod_prec.f90
\rm mod_prec.f90
/usr/bin/cpp -P -traditional -DGFORTRAN -I/usr/include -I/usr/include     -I/mnt/c/Users/jinikeda/Desktop/FVCOM/libs/install/include   -P -traditional -DDOUBLE_PRECISION -DSINGLE_OUTPUT -DSPHERICAL -DWET_DRY -DMULTIPROCESSOR -DLIMITED_NO -DGCN -DMPDATA -DTVD -DUSE_NETCDF4  mod_types.F > mod_types.f90
mpif90  -c  -O3 -I/usr/include -I/usr/include     -I/mnt/c/Users/jinikeda/Desktop/FVCOM/libs/install/include   -I/usr/include -I/usr/include     -I/mnt/c/Users/jinikeda/Desktop/FVCOM/libs/install/include   mod_types.f90
\rm mod_types.f90
/usr/bin/cpp -P -traditional -DGFORTRAN -I/usr/include -I/usr/include     -I/mnt/c/Users/jinikeda/Desktop/FVCOM/libs/install/include   -P -traditional -DDOUBLE_PRECISION -DSINGLE_OUTPUT -DSPHERICAL -DWET_DRY -DMULTIPROCESSOR -DLIMITED_NO -DGCN -DMPDATA -DTVD -DUSE_NETCDF4  mod_time.F > mod_time.f90
mpif90  -c  -O3 -I/usr/include -I/usr/include     -I/mnt/c/Users/jinikeda/Desktop/FVCOM/libs/install/include   -I/usr/include -I/usr/include     -I/mnt/c/Users/jinikeda/Desktop/FVCOM/libs/install/include   mod_time.f90
\rm mod_time.f90
/usr/bin/cpp -P -traditional -DGFORTRAN -I/usr/include -I/usr/include     -I/mnt/c/Users/jinikeda/Desktop/FVCOM/libs/install/include   -P -traditional -DDOUBLE_PRECISION -DSINGLE_OUTPUT -DSPHERICAL -DWET_DRY -DMULTIPROCESSOR -DLIMITED_NO -DGCN -DMPDATA -DTVD -DUSE_NETCDF4  mod_main.F > mod_main.f90
mpif90  -c  -O3 -I/usr/include -I/usr/include     -I/mnt/c/Users/jinikeda/Desktop/FVCOM/libs/install/include   -I/usr/include -I/usr/include     -I/mnt/c/Users/jinikeda/Desktop/FVCOM/libs/install/include   mod_main.f90
\rm mod_main.f90
/usr/bin/cpp -P -traditional -DGFORTRAN -I/usr/include -I/usr/include     -I/mnt/c/Users/jinikeda/Desktop/FVCOM/libs/install/include   -P -traditional -DDOUBLE_PRECISION -DSINGLE_OUTPUT -DSPHERICAL -DWET_DRY -DMULTIPROCESSOR -DLIMITED_NO -DGCN -DMPDATA -DTVD -DUSE_NETCDF4  mod_spherical.F > mod_spherical.f90
mpif90  -c  -O3 -I/usr/include -I/usr/include     -I/mnt/c/Users/jinikeda/Desktop/FVCOM/libs/install/include   -I/usr/include -I/usr/include     -I/mnt/c/Users/jinikeda/Desktop/FVCOM/libs/install/include   mod_spherical.f90
\rm mod_spherical.f90
/usr/bin/cpp -P -traditional -DGFORTRAN -I/usr/include -I/usr/include     -I/mnt/c/Users/jinikeda/Desktop/FVCOM/libs/install/include   -P -traditional -DDOUBLE_PRECISION -DSINGLE_OUTPUT -DSPHERICAL -DWET_DRY -DMULTIPROCESSOR -DLIMITED_NO -DGCN -DMPDATA -DTVD -DUSE_NETCDF4  swmod1.F > swmod1.f90
mpif90  -c  -O3 -I/usr/include -I/usr/include     -I/mnt/c/Users/jinikeda/Desktop/FVCOM/libs/install/include   -I/usr/include -I/usr/include     -I/mnt/c/Users/jinikeda/Desktop/FVCOM/libs/install/include   swmod1.f90
\rm swmod1.f90
/usr/bin/cpp -P -traditional -DGFORTRAN -I/usr/include -I/usr/include     -I/mnt/c/Users/jinikeda/Desktop/FVCOM/libs/install/include   -P -traditional -DDOUBLE_PRECISION -DSINGLE_OUTPUT -DSPHERICAL -DWET_DRY -DMULTIPROCESSOR -DLIMITED_NO -DGCN -DMPDATA -DTVD -DUSE_NETCDF4  mod_utils.F > mod_utils.f90
mpif90  -c  -O3 -I/usr/include -I/usr/include     -I/mnt/c/Users/jinikeda/Desktop/FVCOM/libs/install/include   -I/usr/include -I/usr/include     -I/mnt/c/Users/jinikeda/Desktop/FVCOM/libs/install/include   mod_utils.f90
\rm mod_utils.f90
/usr/bin/cpp -P -traditional -DGFORTRAN -I/usr/include -I/usr/include     -I/mnt/c/Users/jinikeda/Desktop/FVCOM/libs/install/include   -P -traditional -DDOUBLE_PRECISION -DSINGLE_OUTPUT -DSPHERICAL -DWET_DRY -DMULTIPROCESSOR -DLIMITED_NO -DGCN -DMPDATA -DTVD -DUSE_NETCDF4  mod_solar.F > mod_solar.f90
mpif90  -c  -O3 -I/usr/include -I/usr/include     -I/mnt/c/Users/jinikeda/Desktop/FVCOM/libs/install/include   -I/usr/include -I/usr/include     -I/mnt/c/Users/jinikeda/Desktop/FVCOM/libs/install/include   mod_solar.f90
\rm mod_solar.f90
/usr/bin/cpp -P -traditional -DGFORTRAN -I/usr/include -I/usr/include     -I/mnt/c/Users/jinikeda/Desktop/FVCOM/libs/install/include   -P -traditional -DDOUBLE_PRECISION -DSINGLE_OUTPUT -DSPHERICAL -DWET_DRY -DMULTIPROCESSOR -DLIMITED_NO -DGCN -DMPDATA -DTVD -DUSE_NETCDF4  mod_heatflux.F > mod_heatflux.f90
mpif90  -c  -O3 -I/usr/include -I/usr/include     -I/mnt/c/Users/jinikeda/Desktop/FVCOM/libs/install/include   -I/usr/include -I/usr/include     -I/mnt/c/Users/jinikeda/Desktop/FVCOM/libs/install/include   mod_heatflux.f90
\rm mod_heatflux.f90
/usr/bin/cpp -P -traditional -DGFORTRAN -I/usr/include -I/usr/include     -I/mnt/c/Users/jinikeda/Desktop/FVCOM/libs/install/include   -P -traditional -DDOUBLE_PRECISION -DSINGLE_OUTPUT -DSPHERICAL -DWET_DRY -DMULTIPROCESSOR -DLIMITED_NO -DGCN -DMPDATA -DTVD -DUSE_NETCDF4  mod_sng.F > mod_sng.f90
mpif90  -c  -O3 -I/usr/include -I/usr/include     -I/mnt/c/Users/jinikeda/Desktop/FVCOM/libs/install/include   -I/usr/include -I/usr/include     -I/mnt/c/Users/jinikeda/Desktop/FVCOM/libs/install/include   mod_sng.f90
\rm mod_sng.f90
/usr/bin/cpp -P -traditional -DGFORTRAN -I/usr/include -I/usr/include     -I/mnt/c/Users/jinikeda/Desktop/FVCOM/libs/install/include   -P -traditional -DDOUBLE_PRECISION -DSINGLE_OUTPUT -DSPHERICAL -DWET_DRY -DMULTIPROCESSOR -DLIMITED_NO -DGCN -DMPDATA -DTVD -DUSE_NETCDF4  mod_par.F > mod_par.f90
mpif90  -c  -O3 -I/usr/include -I/usr/include     -I/mnt/c/Users/jinikeda/Desktop/FVCOM/libs/install/include   -I/usr/include -I/usr/include     -I/mnt/c/Users/jinikeda/Desktop/FVCOM/libs/install/include   mod_par.f90
\rm mod_par.f90
/usr/bin/cpp -P -traditional -DGFORTRAN -I/usr/include -I/usr/include     -I/mnt/c/Users/jinikeda/Desktop/FVCOM/libs/install/include   -P -traditional -DDOUBLE_PRECISION -DSINGLE_OUTPUT -DSPHERICAL -DWET_DRY -DMULTIPROCESSOR -DLIMITED_NO -DGCN -DMPDATA -DTVD -DUSE_NETCDF4  mod_par_special.F > mod_par_special.f90
mpif90  -c  -O3 -I/usr/include -I/usr/include     -I/mnt/c/Users/jinikeda/Desktop/FVCOM/libs/install/include   -I/usr/include -I/usr/include     -I/mnt/c/Users/jinikeda/Desktop/FVCOM/libs/install/include   mod_par_special.f90
\rm mod_par_special.f90
/usr/bin/cpp -P -traditional -DGFORTRAN -I/usr/include -I/usr/include     -I/mnt/c/Users/jinikeda/Desktop/FVCOM/libs/install/include   -P -traditional -DDOUBLE_PRECISION -DSINGLE_OUTPUT -DSPHERICAL -DWET_DRY -DMULTIPROCESSOR -DLIMITED_NO -DGCN -DMPDATA -DTVD -DUSE_NETCDF4  mod_clock.F > mod_clock.f90
mpif90  -c  -O3 -I/usr/include -I/usr/include     -I/mnt/c/Users/jinikeda/Desktop/FVCOM/libs/install/include   -I/usr/include -I/usr/include     -I/mnt/c/Users/jinikeda/Desktop/FVCOM/libs/install/include   mod_clock.f90
\rm mod_clock.f90
/usr/bin/cpp -P -traditional -DGFORTRAN -I/usr/include -I/usr/include     -I/mnt/c/Users/jinikeda/Desktop/FVCOM/libs/install/include   -P -traditional -DDOUBLE_PRECISION -DSINGLE_OUTPUT -DSPHERICAL -DWET_DRY -DMULTIPROCESSOR -DLIMITED_NO -DGCN -DMPDATA -DTVD -DUSE_NETCDF4  mod_interp.F > mod_interp.f90
mpif90  -c  -O3 -I/usr/include -I/usr/include     -I/mnt/c/Users/jinikeda/Desktop/FVCOM/libs/install/include   -I/usr/include -I/usr/include     -I/mnt/c/Users/jinikeda/Desktop/FVCOM/libs/install/include   mod_interp.f90
\rm mod_interp.f90
/usr/bin/cpp -P -traditional -DGFORTRAN -I/usr/include -I/usr/include     -I/mnt/c/Users/jinikeda/Desktop/FVCOM/libs/install/include   -P -traditional -DDOUBLE_PRECISION -DSINGLE_OUTPUT -DSPHERICAL -DWET_DRY -DMULTIPROCESSOR -DLIMITED_NO -DGCN -DMPDATA -DTVD -DUSE_NETCDF4  mod_ncll.F > mod_ncll.f90
mpif90  -c  -O3 -I/usr/include -I/usr/include     -I/mnt/c/Users/jinikeda/Desktop/FVCOM/libs/install/include   -I/usr/include -I/usr/include     -I/mnt/c/Users/jinikeda/Desktop/FVCOM/libs/install/include   mod_ncll.f90
\rm mod_ncll.f90
/usr/bin/cpp -P -traditional -DGFORTRAN -I/usr/include -I/usr/include     -I/mnt/c/Users/jinikeda/Desktop/FVCOM/libs/install/include   -P -traditional -DDOUBLE_PRECISION -DSINGLE_OUTPUT -DSPHERICAL -DWET_DRY -DMULTIPROCESSOR -DLIMITED_NO -DGCN -DMPDATA -DTVD -DUSE_NETCDF4  mod_nctools.F > mod_nctools.f90
mpif90  -c  -O3 -I/usr/include -I/usr/include     -I/mnt/c/Users/jinikeda/Desktop/FVCOM/libs/install/include   -I/usr/include -I/usr/include     -I/mnt/c/Users/jinikeda/Desktop/FVCOM/libs/install/include   mod_nctools.f90
mod_nctools.f90:203:45:

  203 |   TYPE(NCFILELIST), POINTER, SAVE :: FILEHEAD
      |                                             1
Warning: Legacy Extension: Duplicate SAVE attribute specified at (1)
\rm mod_nctools.f90
/usr/bin/cpp -P -traditional -DGFORTRAN -I/usr/include -I/usr/include     -I/mnt/c/Users/jinikeda/Desktop/FVCOM/libs/install/include   -P -traditional -DDOUBLE_PRECISION -DSINGLE_OUTPUT -DSPHERICAL -DWET_DRY -DMULTIPROCESSOR -DLIMITED_NO -DGCN -DMPDATA -DTVD -DUSE_NETCDF4  mod_input.F > mod_input.f90
mpif90  -c  -O3 -I/usr/include -I/usr/include     -I/mnt/c/Users/jinikeda/Desktop/FVCOM/libs/install/include   -I/usr/include -I/usr/include     -I/mnt/c/Users/jinikeda/Desktop/FVCOM/libs/install/include   mod_input.f90
\rm mod_input.f90
/usr/bin/cpp -P -traditional -DGFORTRAN -I/usr/include -I/usr/include     -I/mnt/c/Users/jinikeda/Desktop/FVCOM/libs/install/include   -P -traditional -DDOUBLE_PRECISION -DSINGLE_OUTPUT -DSPHERICAL -DWET_DRY -DMULTIPROCESSOR -DLIMITED_NO -DGCN -DMPDATA -DTVD -DUSE_NETCDF4  mod_force.F > mod_force.f90
mpif90  -c  -O3 -I/usr/include -I/usr/include     -I/mnt/c/Users/jinikeda/Desktop/FVCOM/libs/install/include   -I/usr/include -I/usr/include     -I/mnt/c/Users/jinikeda/Desktop/FVCOM/libs/install/include   mod_force.f90
\rm mod_force.f90
/usr/bin/cpp -P -traditional -DGFORTRAN -I/usr/include -I/usr/include     -I/mnt/c/Users/jinikeda/Desktop/FVCOM/libs/install/include   -P -traditional -DDOUBLE_PRECISION -DSINGLE_OUTPUT -DSPHERICAL -DWET_DRY -DMULTIPROCESSOR -DLIMITED_NO -DGCN -DMPDATA -DTVD -DUSE_NETCDF4  mod_obcs.F > mod_obcs.f90
mpif90  -c  -O3 -I/usr/include -I/usr/include     -I/mnt/c/Users/jinikeda/Desktop/FVCOM/libs/install/include   -I/usr/include -I/usr/include     -I/mnt/c/Users/jinikeda/Desktop/FVCOM/libs/install/include   mod_obcs.f90
\rm mod_obcs.f90
/usr/bin/cpp -P -traditional -DGFORTRAN -I/usr/include -I/usr/include     -I/mnt/c/Users/jinikeda/Desktop/FVCOM/libs/install/include   -P -traditional -DDOUBLE_PRECISION -DSINGLE_OUTPUT -DSPHERICAL -DWET_DRY -DMULTIPROCESSOR -DLIMITED_NO -DGCN -DMPDATA -DTVD -DUSE_NETCDF4  mod_meanflow.F > mod_meanflow.f90
mpif90  -c  -O3 -I/usr/include -I/usr/include     -I/mnt/c/Users/jinikeda/Desktop/FVCOM/libs/install/include   -I/usr/include -I/usr/include     -I/mnt/c/Users/jinikeda/Desktop/FVCOM/libs/install/include   mod_meanflow.f90
\rm mod_meanflow.f90
/usr/bin/cpp -P -traditional -DGFORTRAN -I/usr/include -I/usr/include     -I/mnt/c/Users/jinikeda/Desktop/FVCOM/libs/install/include   -P -traditional -DDOUBLE_PRECISION -DSINGLE_OUTPUT -DSPHERICAL -DWET_DRY -DMULTIPROCESSOR -DLIMITED_NO -DGCN -DMPDATA -DTVD -DUSE_NETCDF4  mod_obcs2.F > mod_obcs2.f90
mpif90  -c  -O3 -I/usr/include -I/usr/include     -I/mnt/c/Users/jinikeda/Desktop/FVCOM/libs/install/include   -I/usr/include -I/usr/include     -I/mnt/c/Users/jinikeda/Desktop/FVCOM/libs/install/include   mod_obcs2.f90
\rm mod_obcs2.f90
/usr/bin/cpp -P -traditional -DGFORTRAN -I/usr/include -I/usr/include     -I/mnt/c/Users/jinikeda/Desktop/FVCOM/libs/install/include   -P -traditional -DDOUBLE_PRECISION -DSINGLE_OUTPUT -DSPHERICAL -DWET_DRY -DMULTIPROCESSOR -DLIMITED_NO -DGCN -DMPDATA -DTVD -DUSE_NETCDF4  mod_obcs3.F > mod_obcs3.f90
mpif90  -c  -O3 -I/usr/include -I/usr/include     -I/mnt/c/Users/jinikeda/Desktop/FVCOM/libs/install/include   -I/usr/include -I/usr/include     -I/mnt/c/Users/jinikeda/Desktop/FVCOM/libs/install/include   mod_obcs3.f90
\rm mod_obcs3.f90
/usr/bin/cpp -P -traditional -DGFORTRAN -I/usr/include -I/usr/include     -I/mnt/c/Users/jinikeda/Desktop/FVCOM/libs/install/include   -P -traditional -DDOUBLE_PRECISION -DSINGLE_OUTPUT -DSPHERICAL -DWET_DRY -DMULTIPROCESSOR -DLIMITED_NO -DGCN -DMPDATA -DTVD -DUSE_NETCDF4  mod_tvd.F > mod_tvd.f90
mpif90  -c  -O3 -I/usr/include -I/usr/include     -I/mnt/c/Users/jinikeda/Desktop/FVCOM/libs/install/include   -I/usr/include -I/usr/include     -I/mnt/c/Users/jinikeda/Desktop/FVCOM/libs/install/include   mod_tvd.f90
mod_tvd.f90:110:31:

  110 |       XUAdist(I) = XUA(I) - VX(Anear_node(I))
      |                               1
Warning: Legacy Extension: REAL array index at (1)
mod_tvd.f90:111:31:

  111 |       YUAdist(I) = YUA(I) - VY(Anear_node(I))
      |                               1
Warning: Legacy Extension: REAL array index at (1)
mod_tvd.f90:114:31:

  114 |       XUBdist(I) = XUB(I) - VX(Bnear_node(I))
      |                               1
Warning: Legacy Extension: REAL array index at (1)
mod_tvd.f90:115:31:

  115 |       YUBdist(I) = YUB(I) - VY(Bnear_node(I))
      |                               1
Warning: Legacy Extension: REAL array index at (1)
\rm mod_tvd.f90
/usr/bin/cpp -P -traditional -DGFORTRAN -I/usr/include -I/usr/include     -I/mnt/c/Users/jinikeda/Desktop/FVCOM/libs/install/include   -P -traditional -DDOUBLE_PRECISION -DSINGLE_OUTPUT -DSPHERICAL -DWET_DRY -DMULTIPROCESSOR -DLIMITED_NO -DGCN -DMPDATA -DTVD -DUSE_NETCDF4  mod_dam.F > mod_dam.f90
mpif90  -c  -O3 -I/usr/include -I/usr/include     -I/mnt/c/Users/jinikeda/Desktop/FVCOM/libs/install/include   -I/usr/include -I/usr/include     -I/mnt/c/Users/jinikeda/Desktop/FVCOM/libs/install/include   mod_dam.f90
\rm mod_dam.f90
/usr/bin/cpp -P -traditional -DGFORTRAN -I/usr/include -I/usr/include     -I/mnt/c/Users/jinikeda/Desktop/FVCOM/libs/install/include   -P -traditional -DDOUBLE_PRECISION -DSINGLE_OUTPUT -DSPHERICAL -DWET_DRY -DMULTIPROCESSOR -DLIMITED_NO -DGCN -DMPDATA -DTVD -DUSE_NETCDF4  mod_wd.F > mod_wd.f90
mpif90  -c  -O3 -I/usr/include -I/usr/include     -I/mnt/c/Users/jinikeda/Desktop/FVCOM/libs/install/include   -I/usr/include -I/usr/include     -I/mnt/c/Users/jinikeda/Desktop/FVCOM/libs/install/include   mod_wd.f90
\rm mod_wd.f90
/usr/bin/cpp -P -traditional -DGFORTRAN -I/usr/include -I/usr/include     -I/mnt/c/Users/jinikeda/Desktop/FVCOM/libs/install/include   -P -traditional -DDOUBLE_PRECISION -DSINGLE_OUTPUT -DSPHERICAL -DWET_DRY -DMULTIPROCESSOR -DLIMITED_NO -DGCN -DMPDATA -DTVD -DUSE_NETCDF4  mod_petsc.F > mod_petsc.f90
mpif90  -c  -O3 -I/usr/include -I/usr/include     -I/mnt/c/Users/jinikeda/Desktop/FVCOM/libs/install/include   -I/usr/include -I/usr/include     -I/mnt/c/Users/jinikeda/Desktop/FVCOM/libs/install/include   mod_petsc.f90
\rm mod_petsc.f90
/usr/bin/cpp -P -traditional -DGFORTRAN -I/usr/include -I/usr/include     -I/mnt/c/Users/jinikeda/Desktop/FVCOM/libs/install/include   -P -traditional -DDOUBLE_PRECISION -DSINGLE_OUTPUT -DSPHERICAL -DWET_DRY -DMULTIPROCESSOR -DLIMITED_NO -DGCN -DMPDATA -DTVD -DUSE_NETCDF4  mod_northpole.F > mod_northpole.f90
mpif90  -c  -O3 -I/usr/include -I/usr/include     -I/mnt/c/Users/jinikeda/Desktop/FVCOM/libs/install/include   -I/usr/include -I/usr/include     -I/mnt/c/Users/jinikeda/Desktop/FVCOM/libs/install/include   mod_northpole.f90
\rm mod_northpole.f90
/usr/bin/cpp -P -traditional -DGFORTRAN -I/usr/include -I/usr/include     -I/mnt/c/Users/jinikeda/Desktop/FVCOM/libs/install/include   -P -traditional -DDOUBLE_PRECISION -DSINGLE_OUTPUT -DSPHERICAL -DWET_DRY -DMULTIPROCESSOR -DLIMITED_NO -DGCN -DMPDATA -DTVD -DUSE_NETCDF4  mod_semi_implicit.F > mod_semi_implicit.f90
mpif90  -c  -O3 -I/usr/include -I/usr/include     -I/mnt/c/Users/jinikeda/Desktop/FVCOM/libs/install/include   -I/usr/include -I/usr/include     -I/mnt/c/Users/jinikeda/Desktop/FVCOM/libs/install/include   mod_semi_implicit.f90
\rm mod_semi_implicit.f90
/usr/bin/cpp -P -traditional -DGFORTRAN -I/usr/include -I/usr/include     -I/mnt/c/Users/jinikeda/Desktop/FVCOM/libs/install/include   -P -traditional -DDOUBLE_PRECISION -DSINGLE_OUTPUT -DSPHERICAL -DWET_DRY -DMULTIPROCESSOR -DLIMITED_NO -DGCN -DMPDATA -DTVD -DUSE_NETCDF4  mod_wqm.F > mod_wqm.f90
mpif90  -c  -O3 -I/usr/include -I/usr/include     -I/mnt/c/Users/jinikeda/Desktop/FVCOM/libs/install/include   -I/usr/include -I/usr/include     -I/mnt/c/Users/jinikeda/Desktop/FVCOM/libs/install/include   mod_wqm.f90
\rm mod_wqm.f90
/usr/bin/cpp -P -traditional -DGFORTRAN -I/usr/include -I/usr/include     -I/mnt/c/Users/jinikeda/Desktop/FVCOM/libs/install/include   -P -traditional -DDOUBLE_PRECISION -DSINGLE_OUTPUT -DSPHERICAL -DWET_DRY -DMULTIPROCESSOR -DLIMITED_NO -DGCN -DMPDATA -DTVD -DUSE_NETCDF4  mod_bio_3D.F > mod_bio_3D.f90
mpif90  -c  -O3 -I/usr/include -I/usr/include     -I/mnt/c/Users/jinikeda/Desktop/FVCOM/libs/install/include   -I/usr/include -I/usr/include     -I/mnt/c/Users/jinikeda/Desktop/FVCOM/libs/install/include   mod_bio_3D.f90
\rm mod_bio_3D.f90
/usr/bin/cpp -P -traditional -DGFORTRAN -I/usr/include -I/usr/include     -I/mnt/c/Users/jinikeda/Desktop/FVCOM/libs/install/include   -P -traditional -DDOUBLE_PRECISION -DSINGLE_OUTPUT -DSPHERICAL -DWET_DRY -DMULTIPROCESSOR -DLIMITED_NO -DGCN -DMPDATA -DTVD -DUSE_NETCDF4  mod_balance_2d.F > mod_balance_2d.f90
mpif90  -c  -O3 -I/usr/include -I/usr/include     -I/mnt/c/Users/jinikeda/Desktop/FVCOM/libs/install/include   -I/usr/include -I/usr/include     -I/mnt/c/Users/jinikeda/Desktop/FVCOM/libs/install/include   mod_balance_2d.f90
\rm mod_balance_2d.f90
/usr/bin/cpp -P -traditional -DGFORTRAN -I/usr/include -I/usr/include     -I/mnt/c/Users/jinikeda/Desktop/FVCOM/libs/install/include   -P -traditional -DDOUBLE_PRECISION -DSINGLE_OUTPUT -DSPHERICAL -DWET_DRY -DMULTIPROCESSOR -DLIMITED_NO -DGCN -DMPDATA -DTVD -DUSE_NETCDF4  mod_non_hydro.F > mod_non_hydro.f90
mpif90  -c  -O3 -I/usr/include -I/usr/include     -I/mnt/c/Users/jinikeda/Desktop/FVCOM/libs/install/include   -I/usr/include -I/usr/include     -I/mnt/c/Users/jinikeda/Desktop/FVCOM/libs/install/include   mod_non_hydro.f90
\rm mod_non_hydro.f90
/usr/bin/cpp -P -traditional -DGFORTRAN -I/usr/include -I/usr/include     -I/mnt/c/Users/jinikeda/Desktop/FVCOM/libs/install/include   -P -traditional -DDOUBLE_PRECISION -DSINGLE_OUTPUT -DSPHERICAL -DWET_DRY -DMULTIPROCESSOR -DLIMITED_NO -DGCN -DMPDATA -DTVD -DUSE_NETCDF4  mod_main_wave.F > mod_main_wave.f90
mpif90  -c  -O3 -I/usr/include -I/usr/include     -I/mnt/c/Users/jinikeda/Desktop/FVCOM/libs/install/include   -I/usr/include -I/usr/include     -I/mnt/c/Users/jinikeda/Desktop/FVCOM/libs/install/include   mod_main_wave.f90
\rm mod_main_wave.f90
/usr/bin/cpp -P -traditional -DGFORTRAN -I/usr/include -I/usr/include     -I/mnt/c/Users/jinikeda/Desktop/FVCOM/libs/install/include   -P -traditional -DDOUBLE_PRECISION -DSINGLE_OUTPUT -DSPHERICAL -DWET_DRY -DMULTIPROCESSOR -DLIMITED_NO -DGCN -DMPDATA -DTVD -DUSE_NETCDF4  mod_set_time.F > mod_set_time.f90
mpif90  -c  -O3 -I/usr/include -I/usr/include     -I/mnt/c/Users/jinikeda/Desktop/FVCOM/libs/install/include   -I/usr/include -I/usr/include     -I/mnt/c/Users/jinikeda/Desktop/FVCOM/libs/install/include   mod_set_time.f90
\rm mod_set_time.f90
/usr/bin/cpp -P -traditional -DGFORTRAN -I/usr/include -I/usr/include     -I/mnt/c/Users/jinikeda/Desktop/FVCOM/libs/install/include   -P -traditional -DDOUBLE_PRECISION -DSINGLE_OUTPUT -DSPHERICAL -DWET_DRY -DMULTIPROCESSOR -DLIMITED_NO -DGCN -DMPDATA -DTVD -DUSE_NETCDF4  mod_station_timeseries.F > mod_station_timeseries.f90
mpif90  -c  -O3 -I/usr/include -I/usr/include     -I/mnt/c/Users/jinikeda/Desktop/FVCOM/libs/install/include   -I/usr/include -I/usr/include     -I/mnt/c/Users/jinikeda/Desktop/FVCOM/libs/install/include   mod_station_timeseries.f90
\rm mod_station_timeseries.f90
/usr/bin/cpp -P -traditional -DGFORTRAN -I/usr/include -I/usr/include     -I/mnt/c/Users/jinikeda/Desktop/FVCOM/libs/install/include   -P -traditional -DDOUBLE_PRECISION -DSINGLE_OUTPUT -DSPHERICAL -DWET_DRY -DMULTIPROCESSOR -DLIMITED_NO -DGCN -DMPDATA -DTVD -DUSE_NETCDF4  mod_sparse_timeseries.F > mod_sparse_timeseries.f90
mpif90  -c  -O3 -I/usr/include -I/usr/include     -I/mnt/c/Users/jinikeda/Desktop/FVCOM/libs/install/include   -I/usr/include -I/usr/include     -I/mnt/c/Users/jinikeda/Desktop/FVCOM/libs/install/include   mod_sparse_timeseries.f90
\rm mod_sparse_timeseries.f90
/usr/bin/cpp -P -traditional -DGFORTRAN -I/usr/include -I/usr/include     -I/mnt/c/Users/jinikeda/Desktop/FVCOM/libs/install/include   -P -traditional -DDOUBLE_PRECISION -DSINGLE_OUTPUT -DSPHERICAL -DWET_DRY -DMULTIPROCESSOR -DLIMITED_NO -DGCN -DMPDATA -DTVD -DUSE_NETCDF4  mod_wave_current_interaction.F > mod_wave_current_interaction.f90
mpif90  -c  -O3 -I/usr/include -I/usr/include     -I/mnt/c/Users/jinikeda/Desktop/FVCOM/libs/install/include   -I/usr/include -I/usr/include     -I/mnt/c/Users/jinikeda/Desktop/FVCOM/libs/install/include   mod_wave_current_interaction.f90
\rm mod_wave_current_interaction.f90
/usr/bin/cpp -P -traditional -DGFORTRAN -I/usr/include -I/usr/include     -I/mnt/c/Users/jinikeda/Desktop/FVCOM/libs/install/include   -P -traditional -DDOUBLE_PRECISION -DSINGLE_OUTPUT -DSPHERICAL -DWET_DRY -DMULTIPROCESSOR -DLIMITED_NO -DGCN -DMPDATA -DTVD -DUSE_NETCDF4  mod_newinp.F > mod_newinp.f90
mpif90  -c  -O3 -I/usr/include -I/usr/include     -I/mnt/c/Users/jinikeda/Desktop/FVCOM/libs/install/include   -I/usr/include -I/usr/include     -I/mnt/c/Users/jinikeda/Desktop/FVCOM/libs/install/include   mod_newinp.f90
\rm mod_newinp.f90
/usr/bin/cpp -P -traditional -DGFORTRAN -I/usr/include -I/usr/include     -I/mnt/c/Users/jinikeda/Desktop/FVCOM/libs/install/include   -P -traditional -DDOUBLE_PRECISION -DSINGLE_OUTPUT -DSPHERICAL -DWET_DRY -DMULTIPROCESSOR -DLIMITED_NO -DGCN -DMPDATA -DTVD -DUSE_NETCDF4  mod_vegetation.F > mod_vegetation.f90
mpif90  -c  -O3 -I/usr/include -I/usr/include     -I/mnt/c/Users/jinikeda/Desktop/FVCOM/libs/install/include   -I/usr/include -I/usr/include     -I/mnt/c/Users/jinikeda/Desktop/FVCOM/libs/install/include   mod_vegetation.f90
\rm mod_vegetation.f90
/usr/bin/cpp -P -traditional -DGFORTRAN -I/usr/include -I/usr/include     -I/mnt/c/Users/jinikeda/Desktop/FVCOM/libs/install/include   -P -traditional -DDOUBLE_PRECISION -DSINGLE_OUTPUT -DSPHERICAL -DWET_DRY -DMULTIPROCESSOR -DLIMITED_NO -DGCN -DMPDATA -DTVD -DUSE_NETCDF4  eqs_of_state.F > eqs_of_state.f90
mpif90  -c  -O3 -I/usr/include -I/usr/include     -I/mnt/c/Users/jinikeda/Desktop/FVCOM/libs/install/include   -I/usr/include -I/usr/include     -I/mnt/c/Users/jinikeda/Desktop/FVCOM/libs/install/include   eqs_of_state.f90
\rm eqs_of_state.f90
/usr/bin/cpp -P -traditional -DGFORTRAN -I/usr/include -I/usr/include     -I/mnt/c/Users/jinikeda/Desktop/FVCOM/libs/install/include   -P -traditional -DDOUBLE_PRECISION -DSINGLE_OUTPUT -DSPHERICAL -DWET_DRY -DMULTIPROCESSOR -DLIMITED_NO -DGCN -DMPDATA -DTVD -DUSE_NETCDF4  mod_fluid_mud.F > mod_fluid_mud.f90
mpif90  -c  -O3 -I/usr/include -I/usr/include     -I/mnt/c/Users/jinikeda/Desktop/FVCOM/libs/install/include   -I/usr/include -I/usr/include     -I/mnt/c/Users/jinikeda/Desktop/FVCOM/libs/install/include   mod_fluid_mud.f90
\rm mod_fluid_mud.f90
/usr/bin/cpp -P -traditional -DGFORTRAN -I/usr/include -I/usr/include     -I/mnt/c/Users/jinikeda/Desktop/FVCOM/libs/install/include   -P -traditional -DDOUBLE_PRECISION -DSINGLE_OUTPUT -DSPHERICAL -DWET_DRY -DMULTIPROCESSOR -DLIMITED_NO -DGCN -DMPDATA -DTVD -DUSE_NETCDF4  mod_tridiag.F > mod_tridiag.f90
mpif90  -c  -O3 -I/usr/include -I/usr/include     -I/mnt/c/Users/jinikeda/Desktop/FVCOM/libs/install/include   -I/usr/include -I/usr/include     -I/mnt/c/Users/jinikeda/Desktop/FVCOM/libs/install/include   mod_tridiag.f90
\rm mod_tridiag.f90
/usr/bin/cpp -P -traditional -DGFORTRAN -I/usr/include -I/usr/include     -I/mnt/c/Users/jinikeda/Desktop/FVCOM/libs/install/include   -P -traditional -DDOUBLE_PRECISION -DSINGLE_OUTPUT -DSPHERICAL -DWET_DRY -DMULTIPROCESSOR -DLIMITED_NO -DGCN -DMPDATA -DTVD -DUSE_NETCDF4  mod_scal.F > mod_scal.f90
mpif90  -c  -O3 -I/usr/include -I/usr/include     -I/mnt/c/Users/jinikeda/Desktop/FVCOM/libs/install/include   -I/usr/include -I/usr/include     -I/mnt/c/Users/jinikeda/Desktop/FVCOM/libs/install/include   mod_scal.f90
\rm mod_scal.f90
/usr/bin/cpp -P -traditional -DGFORTRAN -I/usr/include -I/usr/include     -I/mnt/c/Users/jinikeda/Desktop/FVCOM/libs/install/include   -P -traditional -DDOUBLE_PRECISION -DSINGLE_OUTPUT -DSPHERICAL -DWET_DRY -DMULTIPROCESSOR -DLIMITED_NO -DGCN -DMPDATA -DTVD -DUSE_NETCDF4  mod_cstms_vars.F > mod_cstms_vars.f90
mpif90  -c  -O3 -I/usr/include -I/usr/include     -I/mnt/c/Users/jinikeda/Desktop/FVCOM/libs/install/include   -I/usr/include -I/usr/include     -I/mnt/c/Users/jinikeda/Desktop/FVCOM/libs/install/include   mod_cstms_vars.f90
\rm mod_cstms_vars.f90
/usr/bin/cpp -P -traditional -DGFORTRAN -I/usr/include -I/usr/include     -I/mnt/c/Users/jinikeda/Desktop/FVCOM/libs/install/include   -P -traditional -DDOUBLE_PRECISION -DSINGLE_OUTPUT -DSPHERICAL -DWET_DRY -DMULTIPROCESSOR -DLIMITED_NO -DGCN -DMPDATA -DTVD -DUSE_NETCDF4  mod_flocmod.F > mod_flocmod.f90
mpif90  -c  -O3 -I/usr/include -I/usr/include     -I/mnt/c/Users/jinikeda/Desktop/FVCOM/libs/install/include   -I/usr/include -I/usr/include     -I/mnt/c/Users/jinikeda/Desktop/FVCOM/libs/install/include   mod_flocmod.f90
\rm mod_flocmod.f90
/usr/bin/cpp -P -traditional -DGFORTRAN -I/usr/include -I/usr/include     -I/mnt/c/Users/jinikeda/Desktop/FVCOM/libs/install/include   -P -traditional -DDOUBLE_PRECISION -DSINGLE_OUTPUT -DSPHERICAL -DWET_DRY -DMULTIPROCESSOR -DLIMITED_NO -DGCN -DMPDATA -DTVD -DUSE_NETCDF4  mod_sed_cstms.F > mod_sed_cstms.f90
mpif90  -c  -O3 -I/usr/include -I/usr/include     -I/mnt/c/Users/jinikeda/Desktop/FVCOM/libs/install/include   -I/usr/include -I/usr/include     -I/mnt/c/Users/jinikeda/Desktop/FVCOM/libs/install/include   mod_sed_cstms.f90
\rm mod_sed_cstms.f90
/usr/bin/cpp -P -traditional -DGFORTRAN -I/usr/include -I/usr/include     -I/mnt/c/Users/jinikeda/Desktop/FVCOM/libs/install/include   -P -traditional -DDOUBLE_PRECISION -DSINGLE_OUTPUT -DSPHERICAL -DWET_DRY -DMULTIPROCESSOR -DLIMITED_NO -DGCN -DMPDATA -DTVD -DUSE_NETCDF4  mod_sed.F > mod_sed.f90
mpif90  -c  -O3 -I/usr/include -I/usr/include     -I/mnt/c/Users/jinikeda/Desktop/FVCOM/libs/install/include   -I/usr/include -I/usr/include     -I/mnt/c/Users/jinikeda/Desktop/FVCOM/libs/install/include   mod_sed.f90
\rm mod_sed.f90
/usr/bin/cpp -P -traditional -DGFORTRAN -I/usr/include -I/usr/include     -I/mnt/c/Users/jinikeda/Desktop/FVCOM/libs/install/include   -P -traditional -DDOUBLE_PRECISION -DSINGLE_OUTPUT -DSPHERICAL -DWET_DRY -DMULTIPROCESSOR -DLIMITED_NO -DGCN -DMPDATA -DTVD -DUSE_NETCDF4  mod_dye.F > mod_dye.f90
mpif90  -c  -O3 -I/usr/include -I/usr/include     -I/mnt/c/Users/jinikeda/Desktop/FVCOM/libs/install/include   -I/usr/include -I/usr/include     -I/mnt/c/Users/jinikeda/Desktop/FVCOM/libs/install/include   mod_dye.f90
\rm mod_dye.f90
/usr/bin/cpp -P -traditional -DGFORTRAN -I/usr/include -I/usr/include     -I/mnt/c/Users/jinikeda/Desktop/FVCOM/libs/install/include   -P -traditional -DDOUBLE_PRECISION -DSINGLE_OUTPUT -DSPHERICAL -DWET_DRY -DMULTIPROCESSOR -DLIMITED_NO -DGCN -DMPDATA -DTVD -DUSE_NETCDF4  mod_ncdio.F > mod_ncdio.f90
mpif90  -c  -O3 -I/usr/include -I/usr/include     -I/mnt/c/Users/jinikeda/Desktop/FVCOM/libs/install/include   -I/usr/include -I/usr/include     -I/mnt/c/Users/jinikeda/Desktop/FVCOM/libs/install/include   mod_ncdio.f90
\rm mod_ncdio.f90
/usr/bin/cpp -P -traditional -DGFORTRAN -I/usr/include -I/usr/include     -I/mnt/c/Users/jinikeda/Desktop/FVCOM/libs/install/include   -P -traditional -DDOUBLE_PRECISION -DSINGLE_OUTPUT -DSPHERICAL -DWET_DRY -DMULTIPROCESSOR -DLIMITED_NO -DGCN -DMPDATA -DTVD -DUSE_NETCDF4  mod_setup.F > mod_setup.f90
mpif90  -c  -O3 -I/usr/include -I/usr/include     -I/mnt/c/Users/jinikeda/Desktop/FVCOM/libs/install/include   -I/usr/include -I/usr/include     -I/mnt/c/Users/jinikeda/Desktop/FVCOM/libs/install/include   mod_setup.f90
\rm mod_setup.f90
